/Users/mberg/github/truecover/truecover-backend/.venv/bin/python3: can't open file '/Users/mberg/github/truecover/truecover-backend/backend.py': [Errno 2] No such file or directory
Error creating connection pool: connection to server at "localhost" (::1), port 5432 failed: Connection refused
	Is the server running on that host and accepting TCP/IP connections?
connection to server at "localhost" (127.0.0.1), port 5432 failed: Connection refused
	Is the server running on that host and accepting TCP/IP connections?

Traceback (most recent call last):
  File "/Users/mberg/github/truecover/truecover-backend/app.py", line 10, in <module>
    from routes.user import user_bp
  File "/Users/mberg/github/truecover/truecover-backend/routes/user.py", line 2, in <module>
    from auth.middleware import require_auth
  File "/Users/mberg/github/truecover/truecover-backend/auth/middleware.py", line 5, in <module>
    from db.connection import get_db_connection, return_db_connection
  File "/Users/mberg/github/truecover/truecover-backend/db/connection.py", line 44, in <module>
    db = Database()
         ^^^^^^^^^^
  File "/Users/mberg/github/truecover/truecover-backend/db/connection.py", line 15, in __new__
    cls._instance._initialize_pool()
  File "/Users/mberg/github/truecover/truecover-backend/db/connection.py", line 21, in _initialize_pool
    self._connection_pool = psycopg2.pool.SimpleConnectionPool(
                            ^^^^^^^^^^^^^^^^^^^^^^^^^^^^^^^^^^^
  File "/Users/mberg/github/truecover/truecover-backend/.venv/lib/python3.12/site-packages/psycopg2/pool.py", line 59, in __init__
    self._connect()
  File "/Users/mberg/github/truecover/truecover-backend/.venv/lib/python3.12/site-packages/psycopg2/pool.py", line 63, in _connect
    conn = psycopg2.connect(*self._args, **self._kwargs)
           ^^^^^^^^^^^^^^^^^^^^^^^^^^^^^^^^^^^^^^^^^^^^^
  File "/Users/mberg/github/truecover/truecover-backend/.venv/lib/python3.12/site-packages/psycopg2/__init__.py", line 122, in connect
    conn = _connect(dsn, connection_factory=connection_factory, **kwasync)
           ^^^^^^^^^^^^^^^^^^^^^^^^^^^^^^^^^^^^^^^^^^^^^^^^^^^^^^^^^^^^^^^
psycopg2.OperationalError: connection to server at "localhost" (::1), port 5432 failed: Connection refused
	Is the server running on that host and accepting TCP/IP connections?
connection to server at "localhost" (127.0.0.1), port 5432 failed: Connection refused
	Is the server running on that host and accepting TCP/IP connections?

Database connection pool created successfully
Running database migrations...
Backfilling quadkeys for existing locations...
No locations to backfill
Backfilling quadkeys for existing coverage records...
No coverage records to backfill
Creating missing coverage records for locations...
Error running migrations: duplicate key value violates unique constraint "coverage_location_id_indicator_id_key"
DETAIL:  Key (location_id, indicator_id)=(3b69126a-ebad-48a9-9714-5650818e9a23, 09ebb739-fb60-4376-b31b-783e5b115c12) already exists.

Warning: Could not run migrations: duplicate key value violates unique constraint "coverage_location_id_indicator_id_key"
DETAIL:  Key (location_id, indicator_id)=(3b69126a-ebad-48a9-9714-5650818e9a23, 09ebb739-fb60-4376-b31b-783e5b115c12) already exists.

Make sure PostgreSQL is running (docker-compose up)
Starting enrichment worker...
Enrichment worker started
Enrichment worker thread started

🚀 Starting TrueCover Backend API on port 5001
📝 Environment: development
🔐 Clerk authentication enabled
🔄 Enrichment worker: enabled

API Documentation: http://localhost:5001/

 * Serving Flask app 'app'
 * Debug mode: on
[31m[1mWARNING: This is a development server. Do not use it in a production deployment. Use a production WSGI server instead.[0m
 * Running on all addresses (0.0.0.0)
 * Running on http://127.0.0.1:5001
 * Running on http://192.168.1.35:5001
[33mPress CTRL+C to quit[0m
 * Restarting with stat
Database connection pool created successfully
Running database migrations...
Backfilling quadkeys for existing locations...
No locations to backfill
Backfilling quadkeys for existing coverage records...
No coverage records to backfill
Creating missing coverage records for locations...
Error running migrations: duplicate key value violates unique constraint "coverage_location_id_indicator_id_key"
DETAIL:  Key (location_id, indicator_id)=(3b69126a-ebad-48a9-9714-5650818e9a23, 09ebb739-fb60-4376-b31b-783e5b115c12) already exists.

Warning: Could not run migrations: duplicate key value violates unique constraint "coverage_location_id_indicator_id_key"
DETAIL:  Key (location_id, indicator_id)=(3b69126a-ebad-48a9-9714-5650818e9a23, 09ebb739-fb60-4376-b31b-783e5b115c12) already exists.

Make sure PostgreSQL is running (docker-compose up)
Starting enrichment worker...
Enrichment worker startedEnrichment worker thread started

🚀 Starting TrueCover Backend API on port 5001
📝 Environment: development
🔐 Clerk authentication enabled
🔄 Enrichment worker: enabled

API Documentation: http://localhost:5001/


 * Debugger is active!
 * Debugger PIN: 750-903-631
127.0.0.1 - - [23/Nov/2025 19:44:30] "OPTIONS /api/organizations HTTP/1.1" 200 -
127.0.0.1 - - [23/Nov/2025 19:44:30] "OPTIONS /api/user/me HTTP/1.1" 200 -
127.0.0.1 - - [23/Nov/2025 19:44:30] "OPTIONS /api/organizations HTTP/1.1" 200 -
Decoding token...Decoding token...
Decoded token: {'azp': 'http://localhost:3050', 'exp': 1763945130, 'fva': [0, -1], 'iat': 1763945070, 'iss': 'https://brave-cardinal-31.clerk.accounts.dev', 'nbf': 1763945060, 'sid': 'sess_35u1DpojfDqPluE1kN5bdTEGuBP', 'sts': 'active', 'sub': 'user_33qLhW3GQmdczsUy340LXXQofww', 'v': 2}
Clerk user ID: user_33qLhW3GQmdczsUy340LXXQofww
Fetching user from Clerk API...

Decoded token: {'azp': 'http://localhost:3050', 'exp': 1763945130, 'fva': [0, -1], 'iat': 1763945070, 'iss': 'https://brave-cardinal-31.clerk.accounts.dev', 'nbf': 1763945060, 'sid': 'sess_35u1DpojfDqPluE1kN5bdTEGuBP', 'sts': 'active', 'sub': 'user_33qLhW3GQmdczsUy340LXXQofww', 'v': 2}
Clerk user ID: user_33qLhW3GQmdczsUy340LXXQofww
Fetching user from Clerk API...
Decoding token...
Decoded token: {'azp': 'http://localhost:3050', 'exp': 1763945130, 'fva': [0, -1], 'iat': 1763945070, 'iss': 'https://brave-cardinal-31.clerk.accounts.dev', 'nbf': 1763945060, 'sid': 'sess_35u1DpojfDqPluE1kN5bdTEGuBP', 'sts': 'active', 'sub': 'user_33qLhW3GQmdczsUy340LXXQofww', 'v': 2}
Clerk user ID: user_33qLhW3GQmdczsUy340LXXQofww
Fetching user from Clerk API...
Got user from Clerk: mberg@ona.io
Got user from Clerk: mberg@ona.ioSyncing user to database...

Syncing user to database...
Got user from Clerk: mberg@ona.io
Syncing user to database...
User synced: {'id': '2b05045c-9a0d-4799-9087-4882846d3bce', 'clerk_id': 'user_33qLhW3GQmdczsUy340LXXQofww', 'email': 'mberg@ona.io', 'name': 'Matt Berg', 'organization': None, 'created_at': '2025-10-16T17:57:10.656065', 'updated_at': '2025-11-24T00:44:30.967297'}
127.0.0.1 - - [23/Nov/2025 19:44:31] "GET /api/organizations HTTP/1.1" 200 -
127.0.0.1 - - [23/Nov/2025 19:44:31] "OPTIONS /api/organizations/50010e27-8b3a-462f-a857-fc3f173f835a/projects HTTP/1.1" 200 -
Decoding token...
Decoded token: {'azp': 'http://localhost:3050', 'exp': 1763945130, 'fva': [0, -1], 'iat': 1763945070, 'iss': 'https://brave-cardinal-31.clerk.accounts.dev', 'nbf': 1763945060, 'sid': 'sess_35u1DpojfDqPluE1kN5bdTEGuBP', 'sts': 'active', 'sub': 'user_33qLhW3GQmdczsUy340LXXQofww', 'v': 2}
Clerk user ID: user_33qLhW3GQmdczsUy340LXXQofww
Fetching user from Clerk API...
Got user from Clerk: mberg@ona.io
Syncing user to database...
User synced: {'id': '2b05045c-9a0d-4799-9087-4882846d3bce', 'clerk_id': 'user_33qLhW3GQmdczsUy340LXXQofww', 'email': 'mberg@ona.io', 'name': 'Matt Berg', 'organization': None, 'created_at': '2025-10-16T17:57:10.656065', 'updated_at': '2025-11-24T00:44:31.191886'}
127.0.0.1 - - [23/Nov/2025 19:44:31] "GET /api/organizations/50010e27-8b3a-462f-a857-fc3f173f835a/projects HTTP/1.1" 200 -
User synced: {'id': '2b05045c-9a0d-4799-9087-4882846d3bce', 'clerk_id': 'user_33qLhW3GQmdczsUy340LXXQofww', 'email': 'mberg@ona.io', 'name': 'Matt Berg', 'organization': None, 'created_at': '2025-10-16T17:57:10.656065', 'updated_at': '2025-11-24T00:44:31.140603'}
127.0.0.1 - - [23/Nov/2025 19:44:31] "GET /api/organizations HTTP/1.1" 200 -
User synced: {'id': '2b05045c-9a0d-4799-9087-4882846d3bce', 'clerk_id': 'user_33qLhW3GQmdczsUy340LXXQofww', 'email': 'mberg@ona.io', 'name': 'Matt Berg', 'organization': None, 'created_at': '2025-10-16T17:57:10.656065', 'updated_at': '2025-11-24T00:44:31.161538'}
127.0.0.1 - - [23/Nov/2025 19:44:31] "GET /api/user/me HTTP/1.1" 200 -
127.0.0.1 - - [23/Nov/2025 19:44:31] "OPTIONS /api/projects/e60953ce-f553-45c2-b881-bbb73cf5aac8/indicators HTTP/1.1" 200 -
127.0.0.1 - - [23/Nov/2025 19:44:31] "OPTIONS /api/projects/e60953ce-f553-45c2-b881-bbb73cf5aac8/areas HTTP/1.1" 200 -
Decoding token...Decoding token...

Decoded token: {'azp': 'http://localhost:3050', 'exp': 1763945130, 'fva': [0, -1], 'iat': 1763945070, 'iss': 'https://brave-cardinal-31.clerk.accounts.dev', 'nbf': 1763945060, 'sid': 'sess_35u1DpojfDqPluE1kN5bdTEGuBP', 'sts': 'active', 'sub': 'user_33qLhW3GQmdczsUy340LXXQofww', 'v': 2}Decoded token: {'azp': 'http://localhost:3050', 'exp': 1763945130, 'fva': [0, -1], 'iat': 1763945070, 'iss': 'https://brave-cardinal-31.clerk.accounts.dev', 'nbf': 1763945060, 'sid': 'sess_35u1DpojfDqPluE1kN5bdTEGuBP', 'sts': 'active', 'sub': 'user_33qLhW3GQmdczsUy340LXXQofww', 'v': 2}
Clerk user ID: user_33qLhW3GQmdczsUy340LXXQofww
Fetching user from Clerk API...
Clerk user ID: user_33qLhW3GQmdczsUy340LXXQofww

Fetching user from Clerk API...
127.0.0.1 - - [23/Nov/2025 19:44:31] "OPTIONS /api/organizations/50010e27-8b3a-462f-a857-fc3f173f835a/projects HTTP/1.1" 200 -
Decoding token...
Decoded token: {'azp': 'http://localhost:3050', 'exp': 1763945130, 'fva': [0, -1], 'iat': 1763945070, 'iss': 'https://brave-cardinal-31.clerk.accounts.dev', 'nbf': 1763945060, 'sid': 'sess_35u1DpojfDqPluE1kN5bdTEGuBP', 'sts': 'active', 'sub': 'user_33qLhW3GQmdczsUy340LXXQofww', 'v': 2}
Clerk user ID: user_33qLhW3GQmdczsUy340LXXQofww
Fetching user from Clerk API...
Got user from Clerk: mberg@ona.io
Syncing user to database...
Got user from Clerk: mberg@ona.io
Syncing user to database...
User synced: {'id': '2b05045c-9a0d-4799-9087-4882846d3bce', 'clerk_id': 'user_33qLhW3GQmdczsUy340LXXQofww', 'email': 'mberg@ona.io', 'name': 'Matt Berg', 'organization': None, 'created_at': '2025-10-16T17:57:10.656065', 'updated_at': '2025-11-24T00:44:31.382223'}
127.0.0.1 - - [23/Nov/2025 19:44:31] "GET /api/projects/e60953ce-f553-45c2-b881-bbb73cf5aac8/indicators HTTP/1.1" 200 -
Got user from Clerk: mberg@ona.io
Syncing user to database...
User synced: {'id': '2b05045c-9a0d-4799-9087-4882846d3bce', 'clerk_id': 'user_33qLhW3GQmdczsUy340LXXQofww', 'email': 'mberg@ona.io', 'name': 'Matt Berg', 'organization': None, 'created_at': '2025-10-16T17:57:10.656065', 'updated_at': '2025-11-24T00:44:31.400829'}
127.0.0.1 - - [23/Nov/2025 19:44:31] "GET /api/organizations/50010e27-8b3a-462f-a857-fc3f173f835a/projects HTTP/1.1" 200 -
User synced: {'id': '2b05045c-9a0d-4799-9087-4882846d3bce', 'clerk_id': 'user_33qLhW3GQmdczsUy340LXXQofww', 'email': 'mberg@ona.io', 'name': 'Matt Berg', 'organization': None, 'created_at': '2025-10-16T17:57:10.656065', 'updated_at': '2025-11-24T00:44:31.477940'}
127.0.0.1 - - [23/Nov/2025 19:44:31] "GET /api/projects/e60953ce-f553-45c2-b881-bbb73cf5aac8/areas HTTP/1.1" 200 -
127.0.0.1 - - [23/Nov/2025 19:44:34] "OPTIONS /api/organizations/1a697171-a0c0-46e2-aa59-2ba58af1b44c/projects HTTP/1.1" 200 -
Decoding token...
Decoded token: {'azp': 'http://localhost:3050', 'exp': 1763945130, 'fva': [0, -1], 'iat': 1763945070, 'iss': 'https://brave-cardinal-31.clerk.accounts.dev', 'nbf': 1763945060, 'sid': 'sess_35u1DpojfDqPluE1kN5bdTEGuBP', 'sts': 'active', 'sub': 'user_33qLhW3GQmdczsUy340LXXQofww', 'v': 2}
Clerk user ID: user_33qLhW3GQmdczsUy340LXXQofww
Fetching user from Clerk API...
Got user from Clerk: mberg@ona.io
Syncing user to database...
User synced: {'id': '2b05045c-9a0d-4799-9087-4882846d3bce', 'clerk_id': 'user_33qLhW3GQmdczsUy340LXXQofww', 'email': 'mberg@ona.io', 'name': 'Matt Berg', 'organization': None, 'created_at': '2025-10-16T17:57:10.656065', 'updated_at': '2025-11-24T00:44:34.488562'}
127.0.0.1 - - [23/Nov/2025 19:44:34] "GET /api/organizations/1a697171-a0c0-46e2-aa59-2ba58af1b44c/projects HTTP/1.1" 200 -
127.0.0.1 - - [23/Nov/2025 19:44:36] "OPTIONS /api/projects/c394fc81-e344-431d-b3ce-fe672713b8fe/indicators HTTP/1.1" 200 -
127.0.0.1 - - [23/Nov/2025 19:44:36] "OPTIONS /api/projects/c394fc81-e344-431d-b3ce-fe672713b8fe/areas HTTP/1.1" 200 -
Decoding token...
Decoded token: {'azp': 'http://localhost:3050', 'exp': 1763945130, 'fva': [0, -1], 'iat': 1763945070, 'iss': 'https://brave-cardinal-31.clerk.accounts.dev', 'nbf': 1763945060, 'sid': 'sess_35u1DpojfDqPluE1kN5bdTEGuBP', 'sts': 'active', 'sub': 'user_33qLhW3GQmdczsUy340LXXQofww', 'v': 2}
Clerk user ID: user_33qLhW3GQmdczsUy340LXXQofww
Fetching user from Clerk API...
Decoding token...
Decoded token: {'azp': 'http://localhost:3050', 'exp': 1763945130, 'fva': [0, -1], 'iat': 1763945070, 'iss': 'https://brave-cardinal-31.clerk.accounts.dev', 'nbf': 1763945060, 'sid': 'sess_35u1DpojfDqPluE1kN5bdTEGuBP', 'sts': 'active', 'sub': 'user_33qLhW3GQmdczsUy340LXXQofww', 'v': 2}
Clerk user ID: user_33qLhW3GQmdczsUy340LXXQofww
Fetching user from Clerk API...
Got user from Clerk: mberg@ona.io
Syncing user to database...
User synced: {'id': '2b05045c-9a0d-4799-9087-4882846d3bce', 'clerk_id': 'user_33qLhW3GQmdczsUy340LXXQofww', 'email': 'mberg@ona.io', 'name': 'Matt Berg', 'organization': None, 'created_at': '2025-10-16T17:57:10.656065', 'updated_at': '2025-11-24T00:44:36.178405'}
Got user from Clerk: mberg@ona.io
Syncing user to database...
127.0.0.1 - - [23/Nov/2025 19:44:36] "GET /api/projects/c394fc81-e344-431d-b3ce-fe672713b8fe/indicators HTTP/1.1" 200 -
User synced: {'id': '2b05045c-9a0d-4799-9087-4882846d3bce', 'clerk_id': 'user_33qLhW3GQmdczsUy340LXXQofww', 'email': 'mberg@ona.io', 'name': 'Matt Berg', 'organization': None, 'created_at': '2025-10-16T17:57:10.656065', 'updated_at': '2025-11-24T00:44:36.436298'}
127.0.0.1 - - [23/Nov/2025 19:44:36] "GET /api/projects/c394fc81-e344-431d-b3ce-fe672713b8fe/areas HTTP/1.1" 200 -
127.0.0.1 - - [23/Nov/2025 19:44:39] "OPTIONS /api/organizations/1a697171-a0c0-46e2-aa59-2ba58af1b44c HTTP/1.1" 200 -
127.0.0.1 - - [23/Nov/2025 19:44:39] "OPTIONS /api/projects/c394fc81-e344-431d-b3ce-fe672713b8fe HTTP/1.1" 200 -
127.0.0.1 - - [23/Nov/2025 19:44:39] "OPTIONS /api/areas/fde2b078-bb32-4306-ab7c-a6e3734d4ffe HTTP/1.1" 200 -
127.0.0.1 - - [23/Nov/2025 19:44:39] "OPTIONS /api/areas/fde2b078-bb32-4306-ab7c-a6e3734d4ffe/locations HTTP/1.1" 200 -
Decoding token...
Decoded token: {'azp': 'http://localhost:3050', 'exp': 1763945130, 'fva': [0, -1], 'iat': 1763945070, 'iss': 'https://brave-cardinal-31.clerk.accounts.dev', 'nbf': 1763945060, 'sid': 'sess_35u1DpojfDqPluE1kN5bdTEGuBP', 'sts': 'active', 'sub': 'user_33qLhW3GQmdczsUy340LXXQofww', 'v': 2}
Clerk user ID: user_33qLhW3GQmdczsUy340LXXQofww
Fetching user from Clerk API...
Decoding token...
Decoded token: {'azp': 'http://localhost:3050', 'exp': 1763945130, 'fva': [0, -1], 'iat': 1763945070, 'iss': 'https://brave-cardinal-31.clerk.accounts.dev', 'nbf': 1763945060, 'sid': 'sess_35u1DpojfDqPluE1kN5bdTEGuBP', 'sts': 'active', 'sub': 'user_33qLhW3GQmdczsUy340LXXQofww', 'v': 2}
Clerk user ID: user_33qLhW3GQmdczsUy340LXXQofwwDecoding token...

Decoded token: {'azp': 'http://localhost:3050', 'exp': 1763945130, 'fva': [0, -1], 'iat': 1763945070, 'iss': 'https://brave-cardinal-31.clerk.accounts.dev', 'nbf': 1763945060, 'sid': 'sess_35u1DpojfDqPluE1kN5bdTEGuBP', 'sts': 'active', 'sub': 'user_33qLhW3GQmdczsUy340LXXQofww', 'v': 2}Fetching user from Clerk API...Decoding token...

Clerk user ID: user_33qLhW3GQmdczsUy340LXXQofww

Decoded token: {'azp': 'http://localhost:3050', 'exp': 1763945130, 'fva': [0, -1], 'iat': 1763945070, 'iss': 'https://brave-cardinal-31.clerk.accounts.dev', 'nbf': 1763945060, 'sid': 'sess_35u1DpojfDqPluE1kN5bdTEGuBP', 'sts': 'active', 'sub': 'user_33qLhW3GQmdczsUy340LXXQofww', 'v': 2}Fetching user from Clerk API...

Clerk user ID: user_33qLhW3GQmdczsUy340LXXQofww
Fetching user from Clerk API...
Got user from Clerk: mberg@ona.io
Syncing user to database...
Got user from Clerk: mberg@ona.io
Syncing user to database...
User synced: {'id': '2b05045c-9a0d-4799-9087-4882846d3bce', 'clerk_id': 'user_33qLhW3GQmdczsUy340LXXQofww', 'email': 'mberg@ona.io', 'name': 'Matt Berg', 'organization': None, 'created_at': '2025-10-16T17:57:10.656065', 'updated_at': '2025-11-24T00:44:39.840203'}
127.0.0.1 - - [23/Nov/2025 19:44:39] "GET /api/organizations/1a697171-a0c0-46e2-aa59-2ba58af1b44c HTTP/1.1" 200 -
Got user from Clerk: mberg@ona.io
Syncing user to database...
User synced: {'id': '2b05045c-9a0d-4799-9087-4882846d3bce', 'clerk_id': 'user_33qLhW3GQmdczsUy340LXXQofww', 'email': 'mberg@ona.io', 'name': 'Matt Berg', 'organization': None, 'created_at': '2025-10-16T17:57:10.656065', 'updated_at': '2025-11-24T00:44:39.874601'}
Got user from Clerk: mberg@ona.io
Syncing user to database...
127.0.0.1 - - [23/Nov/2025 19:44:39] "GET /api/areas/fde2b078-bb32-4306-ab7c-a6e3734d4ffe/locations HTTP/1.1" 200 -
User synced: {'id': '2b05045c-9a0d-4799-9087-4882846d3bce', 'clerk_id': 'user_33qLhW3GQmdczsUy340LXXQofww', 'email': 'mberg@ona.io', 'name': 'Matt Berg', 'organization': None, 'created_at': '2025-10-16T17:57:10.656065', 'updated_at': '2025-11-24T00:44:39.966434'}
127.0.0.1 - - [23/Nov/2025 19:44:40] "GET /api/areas/fde2b078-bb32-4306-ab7c-a6e3734d4ffe HTTP/1.1" 200 -
User synced: {'id': '2b05045c-9a0d-4799-9087-4882846d3bce', 'clerk_id': 'user_33qLhW3GQmdczsUy340LXXQofww', 'email': 'mberg@ona.io', 'name': 'Matt Berg', 'organization': None, 'created_at': '2025-10-16T17:57:10.656065', 'updated_at': '2025-11-24T00:44:39.971436'}
127.0.0.1 - - [23/Nov/2025 19:44:40] "GET /api/projects/c394fc81-e344-431d-b3ce-fe672713b8fe HTTP/1.1" 200 -
127.0.0.1 - - [23/Nov/2025 19:44:40] "OPTIONS /api/areas/fde2b078-bb32-4306-ab7c-a6e3734d4ffe/rounds HTTP/1.1" 200 -
127.0.0.1 - - [23/Nov/2025 19:44:40] "OPTIONS /api/areas/fde2b078-bb32-4306-ab7c-a6e3734d4ffe/rounds HTTP/1.1" 200 -
127.0.0.1 - - [23/Nov/2025 19:44:40] "OPTIONS /api/data-sources HTTP/1.1" 200 -
127.0.0.1 - - [23/Nov/2025 19:44:40] "OPTIONS /api/areas/fde2b078-bb32-4306-ab7c-a6e3734d4ffe/pixels/stats HTTP/1.1" 200 -
127.0.0.1 - - [23/Nov/2025 19:44:40] "OPTIONS /api/areas/fde2b078-bb32-4306-ab7c-a6e3734d4ffe/enrichment-jobs HTTP/1.1" 200 -
127.0.0.1 - - [23/Nov/2025 19:44:40] "OPTIONS /api/areas/fde2b078-bb32-4306-ab7c-a6e3734d4ffe/pixels/metadata-stats HTTP/1.1" 200 -
127.0.0.1 - - [23/Nov/2025 19:44:40] "OPTIONS /api/areas/fde2b078-bb32-4306-ab7c-a6e3734d4ffe/locations?limit=200&offset=0 HTTP/1.1" 200 -
127.0.0.1 - - [23/Nov/2025 19:44:40] "OPTIONS /api/areas/fde2b078-bb32-4306-ab7c-a6e3734d4ffe/locations HTTP/1.1" 200 -
127.0.0.1 - - [23/Nov/2025 19:44:40] "OPTIONS /api/areas/fde2b078-bb32-4306-ab7c-a6e3734d4ffe/rounds HTTP/1.1" 200 -
Decoding token...
Decoded token: {'azp': 'http://localhost:3050', 'exp': 1763945130, 'fva': [0, -1], 'iat': 1763945070, 'iss': 'https://brave-cardinal-31.clerk.accounts.dev', 'nbf': 1763945060, 'sid': 'sess_35u1DpojfDqPluE1kN5bdTEGuBP', 'sts': 'active', 'sub': 'user_33qLhW3GQmdczsUy340LXXQofww', 'v': 2}
Decoding token...Clerk user ID: user_33qLhW3GQmdczsUy340LXXQofww

Decoded token: {'azp': 'http://localhost:3050', 'exp': 1763945130, 'fva': [0, -1], 'iat': 1763945070, 'iss': 'https://brave-cardinal-31.clerk.accounts.dev', 'nbf': 1763945060, 'sid': 'sess_35u1DpojfDqPluE1kN5bdTEGuBP', 'sts': 'active', 'sub': 'user_33qLhW3GQmdczsUy340LXXQofww', 'v': 2}Fetching user from Clerk API...

Clerk user ID: user_33qLhW3GQmdczsUy340LXXQofww127.0.0.1 - - [23/Nov/2025 19:44:40] "OPTIONS /api/areas/fde2b078-bb32-4306-ab7c-a6e3734d4ffe/locations HTTP/1.1" 200 -

Fetching user from Clerk API...
Decoding token...
Decoded token: {'azp': 'http://localhost:3050', 'exp': 1763945130, 'fva': [0, -1], 'iat': 1763945070, 'iss': 'https://brave-cardinal-31.clerk.accounts.dev', 'nbf': 1763945060, 'sid': 'sess_35u1DpojfDqPluE1kN5bdTEGuBP', 'sts': 'active', 'sub': 'user_33qLhW3GQmdczsUy340LXXQofww', 'v': 2}
Clerk user ID: user_33qLhW3GQmdczsUy340LXXQofww
Fetching user from Clerk API...
Decoding token...
Decoded token: {'azp': 'http://localhost:3050', 'exp': 1763945130, 'fva': [0, -1], 'iat': 1763945070, 'iss': 'https://brave-cardinal-31.clerk.accounts.dev', 'nbf': 1763945060, 'sid': 'sess_35u1DpojfDqPluE1kN5bdTEGuBP', 'sts': 'active', 'sub': 'user_33qLhW3GQmdczsUy340LXXQofww', 'v': 2}
Clerk user ID: user_33qLhW3GQmdczsUy340LXXQofww
Decoding token...
Decoded token: {'azp': 'http://localhost:3050', 'exp': 1763945130, 'fva': [0, -1], 'iat': 1763945070, 'iss': 'https://brave-cardinal-31.clerk.accounts.dev', 'nbf': 1763945060, 'sid': 'sess_35u1DpojfDqPluE1kN5bdTEGuBP', 'sts': 'active', 'sub': 'user_33qLhW3GQmdczsUy340LXXQofww', 'v': 2}
Clerk user ID: user_33qLhW3GQmdczsUy340LXXQofww
Fetching user from Clerk API...
Fetching user from Clerk API...Decoding token...

Decoded token: {'azp': 'http://localhost:3050', 'exp': 1763945130, 'fva': [0, -1], 'iat': 1763945070, 'iss': 'https://brave-cardinal-31.clerk.accounts.dev', 'nbf': 1763945060, 'sid': 'sess_35u1DpojfDqPluE1kN5bdTEGuBP', 'sts': 'active', 'sub': 'user_33qLhW3GQmdczsUy340LXXQofww', 'v': 2}
Clerk user ID: user_33qLhW3GQmdczsUy340LXXQofww
Fetching user from Clerk API...
Got user from Clerk: mberg@ona.io
Syncing user to database...
User synced: {'id': '2b05045c-9a0d-4799-9087-4882846d3bce', 'clerk_id': 'user_33qLhW3GQmdczsUy340LXXQofww', 'email': 'mberg@ona.io', 'name': 'Matt Berg', 'organization': None, 'created_at': '2025-10-16T17:57:10.656065', 'updated_at': '2025-11-24T00:44:40.269814'}
Got user from Clerk: mberg@ona.io
Syncing user to database...
Got user from Clerk: mberg@ona.io
Syncing user to database...
Got user from Clerk: mberg@ona.io
Syncing user to database...
Got user from Clerk: mberg@ona.io
Syncing user to database...
Got user from Clerk: mberg@ona.io
Syncing user to database...
User synced: {'id': '2b05045c-9a0d-4799-9087-4882846d3bce', 'clerk_id': 'user_33qLhW3GQmdczsUy340LXXQofww', 'email': 'mberg@ona.io', 'name': 'Matt Berg', 'organization': None, 'created_at': '2025-10-16T17:57:10.656065', 'updated_at': '2025-11-24T00:44:40.406302'}
User synced: {'id': '2b05045c-9a0d-4799-9087-4882846d3bce', 'clerk_id': 'user_33qLhW3GQmdczsUy340LXXQofww', 'email': 'mberg@ona.io', 'name': 'Matt Berg', 'organization': None, 'created_at': '2025-10-16T17:57:10.656065', 'updated_at': '2025-11-24T00:44:40.396930'}
User synced: {'id': '2b05045c-9a0d-4799-9087-4882846d3bce', 'clerk_id': 'user_33qLhW3GQmdczsUy340LXXQofww', 'email': 'mberg@ona.io', 'name': 'Matt Berg', 'organization': None, 'created_at': '2025-10-16T17:57:10.656065', 'updated_at': '2025-11-24T00:44:40.425759'}
User synced: {'id': '2b05045c-9a0d-4799-9087-4882846d3bce', 'clerk_id': 'user_33qLhW3GQmdczsUy340LXXQofww', 'email': 'mberg@ona.io', 'name': 'Matt Berg', 'organization': None, 'created_at': '2025-10-16T17:57:10.656065', 'updated_at': '2025-11-24T00:44:40.462235'}
User synced: {'id': '2b05045c-9a0d-4799-9087-4882846d3bce', 'clerk_id': 'user_33qLhW3GQmdczsUy340LXXQofww', 'email': 'mberg@ona.io', 'name': 'Matt Berg', 'organization': None, 'created_at': '2025-10-16T17:57:10.656065', 'updated_at': '2025-11-24T00:44:40.494932'}
127.0.0.1 - - [23/Nov/2025 19:44:40] "GET /api/data-sources HTTP/1.1" 200 -
Decoding token...
Decoded token: {'azp': 'http://localhost:3050', 'exp': 1763945130, 'fva': [0, -1], 'iat': 1763945070, 'iss': 'https://brave-cardinal-31.clerk.accounts.dev', 'nbf': 1763945060, 'sid': 'sess_35u1DpojfDqPluE1kN5bdTEGuBP', 'sts': 'active', 'sub': 'user_33qLhW3GQmdczsUy340LXXQofww', 'v': 2}
Clerk user ID: user_33qLhW3GQmdczsUy340LXXQofww
Fetching user from Clerk API...
127.0.0.1 - - [23/Nov/2025 19:44:40] "GET /api/areas/fde2b078-bb32-4306-ab7c-a6e3734d4ffe/enrichment-jobs HTTP/1.1" 200 -
Decoding token...
Decoded token: {'azp': 'http://localhost:3050', 'exp': 1763945130, 'fva': [0, -1], 'iat': 1763945070, 'iss': 'https://brave-cardinal-31.clerk.accounts.dev', 'nbf': 1763945060, 'sid': 'sess_35u1DpojfDqPluE1kN5bdTEGuBP', 'sts': 'active', 'sub': 'user_33qLhW3GQmdczsUy340LXXQofww', 'v': 2}
Clerk user ID: user_33qLhW3GQmdczsUy340LXXQofww
Fetching user from Clerk API...
127.0.0.1 - - [23/Nov/2025 19:44:40] "GET /api/areas/fde2b078-bb32-4306-ab7c-a6e3734d4ffe/pixels/stats HTTP/1.1" 200 -
Decoding token...
Decoded token: {'azp': 'http://localhost:3050', 'exp': 1763945130, 'fva': [0, -1], 'iat': 1763945070, 'iss': 'https://brave-cardinal-31.clerk.accounts.dev', 'nbf': 1763945060, 'sid': 'sess_35u1DpojfDqPluE1kN5bdTEGuBP', 'sts': 'active', 'sub': 'user_33qLhW3GQmdczsUy340LXXQofww', 'v': 2}
Clerk user ID: user_33qLhW3GQmdczsUy340LXXQofww
Fetching user from Clerk API...
Got user from Clerk: mberg@ona.io
Syncing user to database...
User synced: {'id': '2b05045c-9a0d-4799-9087-4882846d3bce', 'clerk_id': 'user_33qLhW3GQmdczsUy340LXXQofww', 'email': 'mberg@ona.io', 'name': 'Matt Berg', 'organization': None, 'created_at': '2025-10-16T17:57:10.656065', 'updated_at': '2025-11-24T00:44:40.709558'}
Got user from Clerk: mberg@ona.io
Syncing user to database...
127.0.0.1 - - [23/Nov/2025 19:44:40] "GET /api/areas/fde2b078-bb32-4306-ab7c-a6e3734d4ffe/rounds HTTP/1.1" 200 -
127.0.0.1 - - [23/Nov/2025 19:44:40] "GET /api/areas/fde2b078-bb32-4306-ab7c-a6e3734d4ffe/rounds HTTP/1.1" 200 -
127.0.0.1 - - [23/Nov/2025 19:44:40] "GET /api/areas/fde2b078-bb32-4306-ab7c-a6e3734d4ffe/rounds HTTP/1.1" 200 -
Decoding token...
Decoded token: {'azp': 'http://localhost:3050', 'exp': 1763945130, 'fva': [0, -1], 'iat': 1763945070, 'iss': 'https://brave-cardinal-31.clerk.accounts.dev', 'nbf': 1763945060, 'sid': 'sess_35u1DpojfDqPluE1kN5bdTEGuBP', 'sts': 'active', 'sub': 'user_33qLhW3GQmdczsUy340LXXQofww', 'v': 2}
Clerk user ID: user_33qLhW3GQmdczsUy340LXXQofww
Fetching user from Clerk API...
127.0.0.1 - - [23/Nov/2025 19:44:40] "OPTIONS /api/areas/fde2b078-bb32-4306-ab7c-a6e3734d4ffe/coverage?indicator_id=b5d265e3-a338-42f4-a99c-9aa319cd2a18&limit=200&offset=0 HTTP/1.1" 200 -
127.0.0.1 - - [23/Nov/2025 19:44:40] "OPTIONS /api/areas/fde2b078-bb32-4306-ab7c-a6e3734d4ffe/coverage_pixel?indicator_id=b5d265e3-a338-42f4-a99c-9aa319cd2a18&limit=200&offset=0 HTTP/1.1" 200 -
127.0.0.1 - - [23/Nov/2025 19:44:40] "OPTIONS /api/areas/fde2b078-bb32-4306-ab7c-a6e3734d4ffe/coverage/histogram?indicator_id=b5d265e3-a338-42f4-a99c-9aa319cd2a18&mode=coverage&data_type=locations&bins=12 HTTP/1.1" 200 -
Decoding token...
Decoded token: {'azp': 'http://localhost:3050', 'exp': 1763945130, 'fva': [0, -1], 'iat': 1763945070, 'iss': 'https://brave-cardinal-31.clerk.accounts.dev', 'nbf': 1763945060, 'sid': 'sess_35u1DpojfDqPluE1kN5bdTEGuBP', 'sts': 'active', 'sub': 'user_33qLhW3GQmdczsUy340LXXQofww', 'v': 2}
Clerk user ID: user_33qLhW3GQmdczsUy340LXXQofww
Fetching user from Clerk API...
Decoding token...
Decoded token: {'azp': 'http://localhost:3050', 'exp': 1763945130, 'fva': [0, -1], 'iat': 1763945070, 'iss': 'https://brave-cardinal-31.clerk.accounts.dev', 'nbf': 1763945060, 'sid': 'sess_35u1DpojfDqPluE1kN5bdTEGuBP', 'sts': 'active', 'sub': 'user_33qLhW3GQmdczsUy340LXXQofww', 'v': 2}
Clerk user ID: user_33qLhW3GQmdczsUy340LXXQofww
Fetching user from Clerk API...
Got user from Clerk: mberg@ona.io
Syncing user to database...
User synced: {'id': '2b05045c-9a0d-4799-9087-4882846d3bce', 'clerk_id': 'user_33qLhW3GQmdczsUy340LXXQofww', 'email': 'mberg@ona.io', 'name': 'Matt Berg', 'organization': None, 'created_at': '2025-10-16T17:57:10.656065', 'updated_at': '2025-11-24T00:44:40.886863'}
127.0.0.1 - - [23/Nov/2025 19:44:40] "GET /api/areas/fde2b078-bb32-4306-ab7c-a6e3734d4ffe/locations?limit=200&offset=0 HTTP/1.1" 200 -
Decoding token...
Decoded token: {'azp': 'http://localhost:3050', 'exp': 1763945130, 'fva': [0, -1], 'iat': 1763945070, 'iss': 'https://brave-cardinal-31.clerk.accounts.dev', 'nbf': 1763945060, 'sid': 'sess_35u1DpojfDqPluE1kN5bdTEGuBP', 'sts': 'active', 'sub': 'user_33qLhW3GQmdczsUy340LXXQofww', 'v': 2}
Clerk user ID: user_33qLhW3GQmdczsUy340LXXQofww
Fetching user from Clerk API...
127.0.0.1 - - [23/Nov/2025 19:44:40] "GET /api/areas/fde2b078-bb32-4306-ab7c-a6e3734d4ffe/pixels/metadata-stats HTTP/1.1" 200 -
Got user from Clerk: mberg@ona.io
Syncing user to database...
Got user from Clerk: mberg@ona.io
Syncing user to database...
Got user from Clerk: mberg@ona.io
Syncing user to database...
User synced: {'id': '2b05045c-9a0d-4799-9087-4882846d3bce', 'clerk_id': 'user_33qLhW3GQmdczsUy340LXXQofww', 'email': 'mberg@ona.io', 'name': 'Matt Berg', 'organization': None, 'created_at': '2025-10-16T17:57:10.656065', 'updated_at': '2025-11-24T00:44:40.910356'}
User synced: {'id': '2b05045c-9a0d-4799-9087-4882846d3bce', 'clerk_id': 'user_33qLhW3GQmdczsUy340LXXQofww', 'email': 'mberg@ona.io', 'name': 'Matt Berg', 'organization': None, 'created_at': '2025-10-16T17:57:10.656065', 'updated_at': '2025-11-24T00:44:40.948158'}
Got user from Clerk: mberg@ona.io
Syncing user to database...
127.0.0.1 - - [23/Nov/2025 19:44:41] "GET /api/areas/fde2b078-bb32-4306-ab7c-a6e3734d4ffe/locations HTTP/1.1" 200 -
127.0.0.1 - - [23/Nov/2025 19:44:41] "OPTIONS /api/areas/fde2b078-bb32-4306-ab7c-a6e3734d4ffe/rounds HTTP/1.1" 200 -
127.0.0.1 - - [23/Nov/2025 19:44:41] "OPTIONS /api/areas/fde2b078-bb32-4306-ab7c-a6e3734d4ffe/rounds HTTP/1.1" 200 -
Decoding token...
Decoded token: {'azp': 'http://localhost:3050', 'exp': 1763945130, 'fva': [0, -1], 'iat': 1763945070, 'iss': 'https://brave-cardinal-31.clerk.accounts.dev', 'nbf': 1763945060, 'sid': 'sess_35u1DpojfDqPluE1kN5bdTEGuBP', 'sts': 'active', 'sub': 'user_33qLhW3GQmdczsUy340LXXQofww', 'v': 2}
Clerk user ID: user_33qLhW3GQmdczsUy340LXXQofww
Fetching user from Clerk API...
Decoding token...
Decoded token: {'azp': 'http://localhost:3050', 'exp': 1763945130, 'fva': [0, -1], 'iat': 1763945070, 'iss': 'https://brave-cardinal-31.clerk.accounts.dev', 'nbf': 1763945060, 'sid': 'sess_35u1DpojfDqPluE1kN5bdTEGuBP', 'sts': 'active', 'sub': 'user_33qLhW3GQmdczsUy340LXXQofww', 'v': 2}
Clerk user ID: user_33qLhW3GQmdczsUy340LXXQofww
Fetching user from Clerk API...
Got user from Clerk: mberg@ona.io
Syncing user to database...
Got user from Clerk: mberg@ona.io
Syncing user to database...
User synced: {'id': '2b05045c-9a0d-4799-9087-4882846d3bce', 'clerk_id': 'user_33qLhW3GQmdczsUy340LXXQofww', 'email': 'mberg@ona.io', 'name': 'Matt Berg', 'organization': None, 'created_at': '2025-10-16T17:57:10.656065', 'updated_at': '2025-11-24T00:44:41.088263'}
User synced: {'id': '2b05045c-9a0d-4799-9087-4882846d3bce', 'clerk_id': 'user_33qLhW3GQmdczsUy340LXXQofww', 'email': 'mberg@ona.io', 'name': 'Matt Berg', 'organization': None, 'created_at': '2025-10-16T17:57:10.656065', 'updated_at': '2025-11-24T00:44:41.473845'}
User synced: {'id': '2b05045c-9a0d-4799-9087-4882846d3bce', 'clerk_id': 'user_33qLhW3GQmdczsUy340LXXQofww', 'email': 'mberg@ona.io', 'name': 'Matt Berg', 'organization': None, 'created_at': '2025-10-16T17:57:10.656065', 'updated_at': '2025-11-24T00:44:41.083315'}
127.0.0.1 - - [23/Nov/2025 19:44:42] "GET /api/areas/fde2b078-bb32-4306-ab7c-a6e3734d4ffe/rounds HTTP/1.1" 200 -
127.0.0.1 - - [23/Nov/2025 19:44:42] "OPTIONS /api/areas/fde2b078-bb32-4306-ab7c-a6e3734d4ffe/coverage?indicator_id=b5d265e3-a338-42f4-a99c-9aa319cd2a18&limit=10000&offset=0 HTTP/1.1" 200 -
127.0.0.1 - - [23/Nov/2025 19:44:42] "OPTIONS /api/areas/fde2b078-bb32-4306-ab7c-a6e3734d4ffe/coverage_pixel?indicator_id=b5d265e3-a338-42f4-a99c-9aa319cd2a18&limit=10000&offset=0 HTTP/1.1" 200 -
Decoding token...
Decoded token: {'azp': 'http://localhost:3050', 'exp': 1763945130, 'fva': [0, -1], 'iat': 1763945070, 'iss': 'https://brave-cardinal-31.clerk.accounts.dev', 'nbf': 1763945060, 'sid': 'sess_35u1DpojfDqPluE1kN5bdTEGuBP', 'sts': 'active', 'sub': 'user_33qLhW3GQmdczsUy340LXXQofww', 'v': 2}
Clerk user ID: user_33qLhW3GQmdczsUy340LXXQofww
Fetching user from Clerk API...
127.0.0.1 - - [23/Nov/2025 19:44:42] "GET /api/areas/fde2b078-bb32-4306-ab7c-a6e3734d4ffe/locations HTTP/1.1" 200 -
Decoding token...
Decoded token: {'azp': 'http://localhost:3050', 'exp': 1763945130, 'fva': [0, -1], 'iat': 1763945070, 'iss': 'https://brave-cardinal-31.clerk.accounts.dev', 'nbf': 1763945060, 'sid': 'sess_35u1DpojfDqPluE1kN5bdTEGuBP', 'sts': 'active', 'sub': 'user_33qLhW3GQmdczsUy340LXXQofww', 'v': 2}
Clerk user ID: user_33qLhW3GQmdczsUy340LXXQofww
Fetching user from Clerk API...
User synced: {'id': '2b05045c-9a0d-4799-9087-4882846d3bce', 'clerk_id': 'user_33qLhW3GQmdczsUy340LXXQofww', 'email': 'mberg@ona.io', 'name': 'Matt Berg', 'organization': None, 'created_at': '2025-10-16T17:57:10.656065', 'updated_at': '2025-11-24T00:44:42.466252'}
User synced: {'id': '2b05045c-9a0d-4799-9087-4882846d3bce', 'clerk_id': 'user_33qLhW3GQmdczsUy340LXXQofww', 'email': 'mberg@ona.io', 'name': 'Matt Berg', 'organization': None, 'created_at': '2025-10-16T17:57:10.656065', 'updated_at': '2025-11-24T00:44:42.487165'}
127.0.0.1 - - [23/Nov/2025 19:44:42] "GET /api/areas/fde2b078-bb32-4306-ab7c-a6e3734d4ffe/rounds HTTP/1.1" 200 -
Got user from Clerk: mberg@ona.io
Syncing user to database...
User synced: {'id': '2b05045c-9a0d-4799-9087-4882846d3bce', 'clerk_id': 'user_33qLhW3GQmdczsUy340LXXQofww', 'email': 'mberg@ona.io', 'name': 'Matt Berg', 'organization': None, 'created_at': '2025-10-16T17:57:10.656065', 'updated_at': '2025-11-24T00:44:42.618323'}
127.0.0.1 - - [23/Nov/2025 19:44:42] "GET /api/areas/fde2b078-bb32-4306-ab7c-a6e3734d4ffe/coverage/histogram?indicator_id=b5d265e3-a338-42f4-a99c-9aa319cd2a18&mode=coverage&data_type=locations&bins=12 HTTP/1.1" 200 -
Got user from Clerk: mberg@ona.io
Syncing user to database...
User synced: {'id': '2b05045c-9a0d-4799-9087-4882846d3bce', 'clerk_id': 'user_33qLhW3GQmdczsUy340LXXQofww', 'email': 'mberg@ona.io', 'name': 'Matt Berg', 'organization': None, 'created_at': '2025-10-16T17:57:10.656065', 'updated_at': '2025-11-24T00:44:42.674541'}
127.0.0.1 - - [23/Nov/2025 19:44:42] "GET /api/areas/fde2b078-bb32-4306-ab7c-a6e3734d4ffe/coverage?indicator_id=b5d265e3-a338-42f4-a99c-9aa319cd2a18&limit=200&offset=0 HTTP/1.1" 200 -
127.0.0.1 - - [23/Nov/2025 19:44:42] "GET /api/areas/fde2b078-bb32-4306-ab7c-a6e3734d4ffe/coverage?indicator_id=b5d265e3-a338-42f4-a99c-9aa319cd2a18&limit=10000&offset=0 HTTP/1.1" 200 -
127.0.0.1 - - [23/Nov/2025 19:44:46] "GET /api/areas/fde2b078-bb32-4306-ab7c-a6e3734d4ffe/coverage_pixel?indicator_id=b5d265e3-a338-42f4-a99c-9aa319cd2a18&limit=200&offset=0 HTTP/1.1" 200 -
127.0.0.1 - - [23/Nov/2025 19:46:56] "GET /api/areas/fde2b078-bb32-4306-ab7c-a6e3734d4ffe/coverage_pixel?indicator_id=b5d265e3-a338-42f4-a99c-9aa319cd2a18&limit=10000&offset=0 HTTP/1.1" 200 -
127.0.0.1 - - [23/Nov/2025 19:47:25] "OPTIONS /api/areas/fde2b078-bb32-4306-ab7c-a6e3734d4ffe/locations HTTP/1.1" 200 -
127.0.0.1 - - [23/Nov/2025 19:47:25] "OPTIONS /api/areas/fde2b078-bb32-4306-ab7c-a6e3734d4ffe HTTP/1.1" 200 -
127.0.0.1 - - [23/Nov/2025 19:47:25] "OPTIONS /api/projects/c394fc81-e344-431d-b3ce-fe672713b8fe HTTP/1.1" 200 -
127.0.0.1 - - [23/Nov/2025 19:47:25] "OPTIONS /api/organizations/1a697171-a0c0-46e2-aa59-2ba58af1b44c HTTP/1.1" 200 -
127.0.0.1 - - [23/Nov/2025 19:47:25] "OPTIONS /api/user/me HTTP/1.1" 200 -
Decoding token...
Decoded token: {'azp': 'http://localhost:3050', 'exp': 1763945305, 'fva': [3, -1], 'iat': 1763945245, 'iss': 'https://brave-cardinal-31.clerk.accounts.dev', 'nbf': 1763945235, 'sid': 'sess_35u1DpojfDqPluE1kN5bdTEGuBP', 'sts': 'active', 'sub': 'user_33qLhW3GQmdczsUy340LXXQofww', 'v': 2}
Clerk user ID: user_33qLhW3GQmdczsUy340LXXQofww
Fetching user from Clerk API...
Decoding token...
Decoded token: {'azp': 'http://localhost:3050', 'exp': 1763945305, 'fva': [3, -1], 'iat': 1763945245, 'iss': 'https://brave-cardinal-31.clerk.accounts.dev', 'nbf': 1763945235, 'sid': 'sess_35u1DpojfDqPluE1kN5bdTEGuBP', 'sts': 'active', 'sub': 'user_33qLhW3GQmdczsUy340LXXQofww', 'v': 2}
Clerk user ID: user_33qLhW3GQmdczsUy340LXXQofww
Fetching user from Clerk API...
Decoding token...Decoding token...
Decoded token: {'azp': 'http://localhost:3050', 'exp': 1763945305, 'fva': [3, -1], 'iat': 1763945245, 'iss': 'https://brave-cardinal-31.clerk.accounts.dev', 'nbf': 1763945235, 'sid': 'sess_35u1DpojfDqPluE1kN5bdTEGuBP', 'sts': 'active', 'sub': 'user_33qLhW3GQmdczsUy340LXXQofww', 'v': 2}
Clerk user ID: user_33qLhW3GQmdczsUy340LXXQofww
Fetching user from Clerk API...

Decoded token: {'azp': 'http://localhost:3050', 'exp': 1763945305, 'fva': [3, -1], 'iat': 1763945245, 'iss': 'https://brave-cardinal-31.clerk.accounts.dev', 'nbf': 1763945235, 'sid': 'sess_35u1DpojfDqPluE1kN5bdTEGuBP', 'sts': 'active', 'sub': 'user_33qLhW3GQmdczsUy340LXXQofww', 'v': 2}
Clerk user ID: user_33qLhW3GQmdczsUy340LXXQofww
Fetching user from Clerk API...
Decoding token...
Decoded token: {'azp': 'http://localhost:3050', 'exp': 1763945305, 'fva': [3, -1], 'iat': 1763945245, 'iss': 'https://brave-cardinal-31.clerk.accounts.dev', 'nbf': 1763945235, 'sid': 'sess_35u1DpojfDqPluE1kN5bdTEGuBP', 'sts': 'active', 'sub': 'user_33qLhW3GQmdczsUy340LXXQofww', 'v': 2}
Clerk user ID: user_33qLhW3GQmdczsUy340LXXQofww
Fetching user from Clerk API...
Got user from Clerk: mberg@ona.io
Syncing user to database...
Got user from Clerk: mberg@ona.io
Syncing user to database...
Got user from Clerk: mberg@ona.io
Syncing user to database...
Got user from Clerk: mberg@ona.io
Syncing user to database...
Got user from Clerk: mberg@ona.io
Syncing user to database...
User synced: {'id': '2b05045c-9a0d-4799-9087-4882846d3bce', 'clerk_id': 'user_33qLhW3GQmdczsUy340LXXQofww', 'email': 'mberg@ona.io', 'name': 'Matt Berg', 'organization': None, 'created_at': '2025-10-16T17:57:10.656065', 'updated_at': '2025-11-24T00:47:26.441231'}
127.0.0.1 - - [23/Nov/2025 19:47:26] "GET /api/areas/fde2b078-bb32-4306-ab7c-a6e3734d4ffe HTTP/1.1" 200 -
User synced: {'id': '2b05045c-9a0d-4799-9087-4882846d3bce', 'clerk_id': 'user_33qLhW3GQmdczsUy340LXXQofww', 'email': 'mberg@ona.io', 'name': 'Matt Berg', 'organization': None, 'created_at': '2025-10-16T17:57:10.656065', 'updated_at': '2025-11-24T00:47:26.731936'}
127.0.0.1 - - [23/Nov/2025 19:47:26] "GET /api/projects/c394fc81-e344-431d-b3ce-fe672713b8fe HTTP/1.1" 200 -
User synced: {'id': '2b05045c-9a0d-4799-9087-4882846d3bce', 'clerk_id': 'user_33qLhW3GQmdczsUy340LXXQofww', 'email': 'mberg@ona.io', 'name': 'Matt Berg', 'organization': None, 'created_at': '2025-10-16T17:57:10.656065', 'updated_at': '2025-11-24T00:47:26.734737'}
127.0.0.1 - - [23/Nov/2025 19:47:26] "GET /api/user/me HTTP/1.1" 200 -
User synced: {'id': '2b05045c-9a0d-4799-9087-4882846d3bce', 'clerk_id': 'user_33qLhW3GQmdczsUy340LXXQofww', 'email': 'mberg@ona.io', 'name': 'Matt Berg', 'organization': None, 'created_at': '2025-10-16T17:57:10.656065', 'updated_at': '2025-11-24T00:47:26.746581'}
User synced: {'id': '2b05045c-9a0d-4799-9087-4882846d3bce', 'clerk_id': 'user_33qLhW3GQmdczsUy340LXXQofww', 'email': 'mberg@ona.io', 'name': 'Matt Berg', 'organization': None, 'created_at': '2025-10-16T17:57:10.656065', 'updated_at': '2025-11-24T00:47:26.778398'}
127.0.0.1 - - [23/Nov/2025 19:47:26] "GET /api/areas/fde2b078-bb32-4306-ab7c-a6e3734d4ffe/locations HTTP/1.1" 200 -
127.0.0.1 - - [23/Nov/2025 19:47:27] "GET /api/organizations/1a697171-a0c0-46e2-aa59-2ba58af1b44c HTTP/1.1" 200 -
127.0.0.1 - - [23/Nov/2025 19:47:27] "OPTIONS /api/projects/c394fc81-e344-431d-b3ce-fe672713b8fe/indicators HTTP/1.1" 200 -
127.0.0.1 - - [23/Nov/2025 19:47:27] "OPTIONS /api/areas/fde2b078-bb32-4306-ab7c-a6e3734d4ffe/rounds HTTP/1.1" 200 -
127.0.0.1 - - [23/Nov/2025 19:47:27] "OPTIONS /api/areas/fde2b078-bb32-4306-ab7c-a6e3734d4ffe/rounds HTTP/1.1" 200 -
127.0.0.1 - - [23/Nov/2025 19:47:27] "OPTIONS /api/data-sources HTTP/1.1" 200 -
127.0.0.1 - - [23/Nov/2025 19:47:27] "OPTIONS /api/areas/fde2b078-bb32-4306-ab7c-a6e3734d4ffe/pixels/stats HTTP/1.1" 200 -
127.0.0.1 - - [23/Nov/2025 19:47:27] "OPTIONS /api/areas/fde2b078-bb32-4306-ab7c-a6e3734d4ffe/enrichment-jobs HTTP/1.1" 200 -
127.0.0.1 - - [23/Nov/2025 19:47:27] "OPTIONS /api/areas/fde2b078-bb32-4306-ab7c-a6e3734d4ffe/pixels/metadata-stats HTTP/1.1" 200 -
127.0.0.1 - - [23/Nov/2025 19:47:27] "OPTIONS /api/areas/fde2b078-bb32-4306-ab7c-a6e3734d4ffe/locations?limit=200&offset=0 HTTP/1.1" 200 -
127.0.0.1 - - [23/Nov/2025 19:47:27] "OPTIONS /api/areas/fde2b078-bb32-4306-ab7c-a6e3734d4ffe/locations HTTP/1.1" 200 -
127.0.0.1 - - [23/Nov/2025 19:47:27] "OPTIONS /api/areas/fde2b078-bb32-4306-ab7c-a6e3734d4ffe/rounds HTTP/1.1" 200 -
127.0.0.1 - - [23/Nov/2025 19:47:27] "OPTIONS /api/areas/fde2b078-bb32-4306-ab7c-a6e3734d4ffe/locations HTTP/1.1" 200 -
Decoding token...
Decoded token: {'azp': 'http://localhost:3050', 'exp': 1763945305, 'fva': [3, -1], 'iat': 1763945245, 'iss': 'https://brave-cardinal-31.clerk.accounts.dev', 'nbf': 1763945235, 'sid': 'sess_35u1DpojfDqPluE1kN5bdTEGuBP', 'sts': 'active', 'sub': 'user_33qLhW3GQmdczsUy340LXXQofww', 'v': 2}
Clerk user ID: user_33qLhW3GQmdczsUy340LXXQofww
Fetching user from Clerk API...
Decoding token...
Decoded token: {'azp': 'http://localhost:3050', 'exp': 1763945305, 'fva': [3, -1], 'iat': 1763945245, 'iss': 'https://brave-cardinal-31.clerk.accounts.dev', 'nbf': 1763945235, 'sid': 'sess_35u1DpojfDqPluE1kN5bdTEGuBP', 'sts': 'active', 'sub': 'user_33qLhW3GQmdczsUy340LXXQofww', 'v': 2}Decoding token...

Clerk user ID: user_33qLhW3GQmdczsUy340LXXQofww
Fetching user from Clerk API...
Decoding token...Decoding token...
Decoded token: {'azp': 'http://localhost:3050', 'exp': 1763945305, 'fva': [3, -1], 'iat': 1763945245, 'iss': 'https://brave-cardinal-31.clerk.accounts.dev', 'nbf': 1763945235, 'sid': 'sess_35u1DpojfDqPluE1kN5bdTEGuBP', 'sts': 'active', 'sub': 'user_33qLhW3GQmdczsUy340LXXQofww', 'v': 2}
Clerk user ID: user_33qLhW3GQmdczsUy340LXXQofww
Fetching user from Clerk API...
Decoding token...
Decoded token: {'azp': 'http://localhost:3050', 'exp': 1763945305, 'fva': [3, -1], 'iat': 1763945245, 'iss': 'https://brave-cardinal-31.clerk.accounts.dev', 'nbf': 1763945235, 'sid': 'sess_35u1DpojfDqPluE1kN5bdTEGuBP', 'sts': 'active', 'sub': 'user_33qLhW3GQmdczsUy340LXXQofww', 'v': 2}
Clerk user ID: user_33qLhW3GQmdczsUy340LXXQofww
Fetching user from Clerk API...
Decoded token: {'azp': 'http://localhost:3050', 'exp': 1763945305, 'fva': [3, -1], 'iat': 1763945245, 'iss': 'https://brave-cardinal-31.clerk.accounts.dev', 'nbf': 1763945235, 'sid': 'sess_35u1DpojfDqPluE1kN5bdTEGuBP', 'sts': 'active', 'sub': 'user_33qLhW3GQmdczsUy340LXXQofww', 'v': 2}
Clerk user ID: user_33qLhW3GQmdczsUy340LXXQofww
Fetching user from Clerk API...

Decoded token: {'azp': 'http://localhost:3050', 'exp': 1763945305, 'fva': [3, -1], 'iat': 1763945245, 'iss': 'https://brave-cardinal-31.clerk.accounts.dev', 'nbf': 1763945235, 'sid': 'sess_35u1DpojfDqPluE1kN5bdTEGuBP', 'sts': 'active', 'sub': 'user_33qLhW3GQmdczsUy340LXXQofww', 'v': 2}
Clerk user ID: user_33qLhW3GQmdczsUy340LXXQofww
Fetching user from Clerk API...
Got user from Clerk: mberg@ona.io
Syncing user to database...
User synced: {'id': '2b05045c-9a0d-4799-9087-4882846d3bce', 'clerk_id': 'user_33qLhW3GQmdczsUy340LXXQofww', 'email': 'mberg@ona.io', 'name': 'Matt Berg', 'organization': None, 'created_at': '2025-10-16T17:57:10.656065', 'updated_at': '2025-11-24T00:47:27.187677'}
Got user from Clerk: mberg@ona.io
Syncing user to database...
Got user from Clerk: mberg@ona.io
Syncing user to database...
Got user from Clerk: mberg@ona.io127.0.0.1 - - [23/Nov/2025 19:47:27] "GET /api/projects/c394fc81-e344-431d-b3ce-fe672713b8fe/indicators HTTP/1.1" 200 -

Syncing user to database...
Decoding token...
Decoded token: {'azp': 'http://localhost:3050', 'exp': 1763945305, 'fva': [3, -1], 'iat': 1763945245, 'iss': 'https://brave-cardinal-31.clerk.accounts.dev', 'nbf': 1763945235, 'sid': 'sess_35u1DpojfDqPluE1kN5bdTEGuBP', 'sts': 'active', 'sub': 'user_33qLhW3GQmdczsUy340LXXQofww', 'v': 2}
Clerk user ID: user_33qLhW3GQmdczsUy340LXXQofww
Fetching user from Clerk API...
Got user from Clerk: mberg@ona.io
Syncing user to database...
User synced: {'id': '2b05045c-9a0d-4799-9087-4882846d3bce', 'clerk_id': 'user_33qLhW3GQmdczsUy340LXXQofww', 'email': 'mberg@ona.io', 'name': 'Matt Berg', 'organization': None, 'created_at': '2025-10-16T17:57:10.656065', 'updated_at': '2025-11-24T00:47:27.216786'}
127.0.0.1 - - [23/Nov/2025 19:47:27] "GET /api/data-sources HTTP/1.1" 200 -
Decoding token...
Decoded token: {'azp': 'http://localhost:3050', 'exp': 1763945305, 'fva': [3, -1], 'iat': 1763945245, 'iss': 'https://brave-cardinal-31.clerk.accounts.dev', 'nbf': 1763945235, 'sid': 'sess_35u1DpojfDqPluE1kN5bdTEGuBP', 'sts': 'active', 'sub': 'user_33qLhW3GQmdczsUy340LXXQofww', 'v': 2}
Clerk user ID: user_33qLhW3GQmdczsUy340LXXQofww
Fetching user from Clerk API...
Got user from Clerk: mberg@ona.io
Syncing user to database...
User synced: {'id': '2b05045c-9a0d-4799-9087-4882846d3bce', 'clerk_id': 'user_33qLhW3GQmdczsUy340LXXQofww', 'email': 'mberg@ona.io', 'name': 'Matt Berg', 'organization': None, 'created_at': '2025-10-16T17:57:10.656065', 'updated_at': '2025-11-24T00:47:27.281394'}
Got user from Clerk: mberg@ona.io
Syncing user to database...
Got user from Clerk: mberg@ona.io
Syncing user to database...
127.0.0.1 - - [23/Nov/2025 19:47:27] "GET /api/areas/fde2b078-bb32-4306-ab7c-a6e3734d4ffe/pixels/stats HTTP/1.1" 200 -
Decoding token...
Decoded token: {'azp': 'http://localhost:3050', 'exp': 1763945305, 'fva': [3, -1], 'iat': 1763945245, 'iss': 'https://brave-cardinal-31.clerk.accounts.dev', 'nbf': 1763945235, 'sid': 'sess_35u1DpojfDqPluE1kN5bdTEGuBP', 'sts': 'active', 'sub': 'user_33qLhW3GQmdczsUy340LXXQofww', 'v': 2}
Clerk user ID: user_33qLhW3GQmdczsUy340LXXQofww
Fetching user from Clerk API...
User synced: {'id': '2b05045c-9a0d-4799-9087-4882846d3bce', 'clerk_id': 'user_33qLhW3GQmdczsUy340LXXQofww', 'email': 'mberg@ona.io', 'name': 'Matt Berg', 'organization': None, 'created_at': '2025-10-16T17:57:10.656065', 'updated_at': '2025-11-24T00:47:27.428514'}
User synced: {'id': '2b05045c-9a0d-4799-9087-4882846d3bce', 'clerk_id': 'user_33qLhW3GQmdczsUy340LXXQofww', 'email': 'mberg@ona.io', 'name': 'Matt Berg', 'organization': None, 'created_at': '2025-10-16T17:57:10.656065', 'updated_at': '2025-11-24T00:47:27.450727'}
127.0.0.1 - - [23/Nov/2025 19:47:27] "GET /api/areas/fde2b078-bb32-4306-ab7c-a6e3734d4ffe/rounds HTTP/1.1" 200 -
Decoding token...
Decoded token: {'azp': 'http://localhost:3050', 'exp': 1763945305, 'fva': [3, -1], 'iat': 1763945245, 'iss': 'https://brave-cardinal-31.clerk.accounts.dev', 'nbf': 1763945235, 'sid': 'sess_35u1DpojfDqPluE1kN5bdTEGuBP', 'sts': 'active', 'sub': 'user_33qLhW3GQmdczsUy340LXXQofww', 'v': 2}
Clerk user ID: user_33qLhW3GQmdczsUy340LXXQofww
Fetching user from Clerk API...
User synced: {'id': '2b05045c-9a0d-4799-9087-4882846d3bce', 'clerk_id': 'user_33qLhW3GQmdczsUy340LXXQofww', 'email': 'mberg@ona.io', 'name': 'Matt Berg', 'organization': None, 'created_at': '2025-10-16T17:57:10.656065', 'updated_at': '2025-11-24T00:47:27.463967'}
Got user from Clerk: mberg@ona.io
Syncing user to database...
127.0.0.1 - - [23/Nov/2025 19:47:27] "GET /api/areas/fde2b078-bb32-4306-ab7c-a6e3734d4ffe/enrichment-jobs HTTP/1.1" 200 -
Decoding token...
Decoded token: {'azp': 'http://localhost:3050', 'exp': 1763945305, 'fva': [3, -1], 'iat': 1763945245, 'iss': 'https://brave-cardinal-31.clerk.accounts.dev', 'nbf': 1763945235, 'sid': 'sess_35u1DpojfDqPluE1kN5bdTEGuBP', 'sts': 'active', 'sub': 'user_33qLhW3GQmdczsUy340LXXQofww', 'v': 2}
Clerk user ID: user_33qLhW3GQmdczsUy340LXXQofww
Fetching user from Clerk API...
User synced: {'id': '2b05045c-9a0d-4799-9087-4882846d3bce', 'clerk_id': 'user_33qLhW3GQmdczsUy340LXXQofww', 'email': 'mberg@ona.io', 'name': 'Matt Berg', 'organization': None, 'created_at': '2025-10-16T17:57:10.656065', 'updated_at': '2025-11-24T00:47:27.572133'}
Got user from Clerk: mberg@ona.io
Syncing user to database...
User synced: {'id': '2b05045c-9a0d-4799-9087-4882846d3bce', 'clerk_id': 'user_33qLhW3GQmdczsUy340LXXQofww', 'email': 'mberg@ona.io', 'name': 'Matt Berg', 'organization': None, 'created_at': '2025-10-16T17:57:10.656065', 'updated_at': '2025-11-24T00:47:27.600653'}
127.0.0.1 - - [23/Nov/2025 19:47:27] "GET /api/areas/fde2b078-bb32-4306-ab7c-a6e3734d4ffe/rounds HTTP/1.1" 200 -
127.0.0.1 - - [23/Nov/2025 19:47:27] "OPTIONS /api/areas/fde2b078-bb32-4306-ab7c-a6e3734d4ffe/coverage?indicator_id=b5d265e3-a338-42f4-a99c-9aa319cd2a18&limit=200&offset=0 HTTP/1.1" 200 -
127.0.0.1 - - [23/Nov/2025 19:47:27] "OPTIONS /api/areas/fde2b078-bb32-4306-ab7c-a6e3734d4ffe/coverage_pixel?indicator_id=b5d265e3-a338-42f4-a99c-9aa319cd2a18&limit=200&offset=0 HTTP/1.1" 200 -
127.0.0.1 - - [23/Nov/2025 19:47:27] "OPTIONS /api/areas/fde2b078-bb32-4306-ab7c-a6e3734d4ffe/coverage/histogram?indicator_id=b5d265e3-a338-42f4-a99c-9aa319cd2a18&mode=coverage&data_type=locations&bins=12 HTTP/1.1" 200 -
Decoding token...
Decoded token: {'azp': 'http://localhost:3050', 'exp': 1763945305, 'fva': [3, -1], 'iat': 1763945245, 'iss': 'https://brave-cardinal-31.clerk.accounts.dev', 'nbf': 1763945235, 'sid': 'sess_35u1DpojfDqPluE1kN5bdTEGuBP', 'sts': 'active', 'sub': 'user_33qLhW3GQmdczsUy340LXXQofww', 'v': 2}
Clerk user ID: user_33qLhW3GQmdczsUy340LXXQofww
Fetching user from Clerk API...
127.0.0.1 - - [23/Nov/2025 19:47:27] "GET /api/areas/fde2b078-bb32-4306-ab7c-a6e3734d4ffe/rounds HTTP/1.1" 200 -
Decoding token...
Decoded token: {'azp': 'http://localhost:3050', 'exp': 1763945305, 'fva': [3, -1], 'iat': 1763945245, 'iss': 'https://brave-cardinal-31.clerk.accounts.dev', 'nbf': 1763945235, 'sid': 'sess_35u1DpojfDqPluE1kN5bdTEGuBP', 'sts': 'active', 'sub': 'user_33qLhW3GQmdczsUy340LXXQofww', 'v': 2}
Clerk user ID: user_33qLhW3GQmdczsUy340LXXQofww
Fetching user from Clerk API...
Got user from Clerk: mberg@ona.io
Syncing user to database...
User synced: {'id': '2b05045c-9a0d-4799-9087-4882846d3bce', 'clerk_id': 'user_33qLhW3GQmdczsUy340LXXQofww', 'email': 'mberg@ona.io', 'name': 'Matt Berg', 'organization': None, 'created_at': '2025-10-16T17:57:10.656065', 'updated_at': '2025-11-24T00:47:27.787622'}
Got user from Clerk: mberg@ona.io
Syncing user to database...
Got user from Clerk: mberg@ona.io
Syncing user to database...
User synced: {'id': '2b05045c-9a0d-4799-9087-4882846d3bce', 'clerk_id': 'user_33qLhW3GQmdczsUy340LXXQofww', 'email': 'mberg@ona.io', 'name': 'Matt Berg', 'organization': None, 'created_at': '2025-10-16T17:57:10.656065', 'updated_at': '2025-11-24T00:47:27.822270'}
127.0.0.1 - - [23/Nov/2025 19:47:28] "GET /api/areas/fde2b078-bb32-4306-ab7c-a6e3734d4ffe/locations?limit=200&offset=0 HTTP/1.1" 200 -
Decoding token...
Decoded token: {'azp': 'http://localhost:3050', 'exp': 1763945305, 'fva': [3, -1], 'iat': 1763945245, 'iss': 'https://brave-cardinal-31.clerk.accounts.dev', 'nbf': 1763945235, 'sid': 'sess_35u1DpojfDqPluE1kN5bdTEGuBP', 'sts': 'active', 'sub': 'user_33qLhW3GQmdczsUy340LXXQofww', 'v': 2}
Clerk user ID: user_33qLhW3GQmdczsUy340LXXQofww
Fetching user from Clerk API...
Got user from Clerk: mberg@ona.io
Syncing user to database...
127.0.0.1 - - [23/Nov/2025 19:47:28] "GET /api/areas/fde2b078-bb32-4306-ab7c-a6e3734d4ffe/pixels/metadata-stats HTTP/1.1" 200 -
User synced: {'id': '2b05045c-9a0d-4799-9087-4882846d3bce', 'clerk_id': 'user_33qLhW3GQmdczsUy340LXXQofww', 'email': 'mberg@ona.io', 'name': 'Matt Berg', 'organization': None, 'created_at': '2025-10-16T17:57:10.656065', 'updated_at': '2025-11-24T00:47:27.925517'}
User synced: {'id': '2b05045c-9a0d-4799-9087-4882846d3bce', 'clerk_id': 'user_33qLhW3GQmdczsUy340LXXQofww', 'email': 'mberg@ona.io', 'name': 'Matt Berg', 'organization': None, 'created_at': '2025-10-16T17:57:10.656065', 'updated_at': '2025-11-24T00:47:28.164910'}
127.0.0.1 - - [23/Nov/2025 19:47:28] "GET /api/areas/fde2b078-bb32-4306-ab7c-a6e3734d4ffe/locations HTTP/1.1" 200 -
127.0.0.1 - - [23/Nov/2025 19:47:28] "GET /api/areas/fde2b078-bb32-4306-ab7c-a6e3734d4ffe/locations HTTP/1.1" 200 -
127.0.0.1 - - [23/Nov/2025 19:47:28] "GET /api/areas/fde2b078-bb32-4306-ab7c-a6e3734d4ffe/coverage/histogram?indicator_id=b5d265e3-a338-42f4-a99c-9aa319cd2a18&mode=coverage&data_type=locations&bins=12 HTTP/1.1" 200 -
User synced: {'id': '2b05045c-9a0d-4799-9087-4882846d3bce', 'clerk_id': 'user_33qLhW3GQmdczsUy340LXXQofww', 'email': 'mberg@ona.io', 'name': 'Matt Berg', 'organization': None, 'created_at': '2025-10-16T17:57:10.656065', 'updated_at': '2025-11-24T00:47:28.168562'}
User synced: {'id': '2b05045c-9a0d-4799-9087-4882846d3bce', 'clerk_id': 'user_33qLhW3GQmdczsUy340LXXQofww', 'email': 'mberg@ona.io', 'name': 'Matt Berg', 'organization': None, 'created_at': '2025-10-16T17:57:10.656065', 'updated_at': '2025-11-24T00:47:28.131501'}
127.0.0.1 - - [23/Nov/2025 19:47:28] "OPTIONS /api/areas/fde2b078-bb32-4306-ab7c-a6e3734d4ffe/rounds HTTP/1.1" 200 -
127.0.0.1 - - [23/Nov/2025 19:47:28] "OPTIONS /api/areas/fde2b078-bb32-4306-ab7c-a6e3734d4ffe/rounds HTTP/1.1" 200 -
127.0.0.1 - - [23/Nov/2025 19:47:28] "OPTIONS /api/areas/fde2b078-bb32-4306-ab7c-a6e3734d4ffe/coverage?indicator_id=b5d265e3-a338-42f4-a99c-9aa319cd2a18&limit=10000&offset=0 HTTP/1.1" 200 -
127.0.0.1 - - [23/Nov/2025 19:47:28] "OPTIONS /api/areas/fde2b078-bb32-4306-ab7c-a6e3734d4ffe/coverage_pixel?indicator_id=b5d265e3-a338-42f4-a99c-9aa319cd2a18&limit=10000&offset=0 HTTP/1.1" 200 -
Decoding token...
Decoded token: {'azp': 'http://localhost:3050', 'exp': 1763945305, 'fva': [3, -1], 'iat': 1763945245, 'iss': 'https://brave-cardinal-31.clerk.accounts.dev', 'nbf': 1763945235, 'sid': 'sess_35u1DpojfDqPluE1kN5bdTEGuBP', 'sts': 'active', 'sub': 'user_33qLhW3GQmdczsUy340LXXQofww', 'v': 2}Decoding token...
Decoded token: {'azp': 'http://localhost:3050', 'exp': 1763945305, 'fva': [3, -1], 'iat': 1763945245, 'iss': 'https://brave-cardinal-31.clerk.accounts.dev', 'nbf': 1763945235, 'sid': 'sess_35u1DpojfDqPluE1kN5bdTEGuBP', 'sts': 'active', 'sub': 'user_33qLhW3GQmdczsUy340LXXQofww', 'v': 2}
Clerk user ID: user_33qLhW3GQmdczsUy340LXXQofww
Fetching user from Clerk API...

Clerk user ID: user_33qLhW3GQmdczsUy340LXXQofww
Fetching user from Clerk API...
Decoding token...
Decoded token: {'azp': 'http://localhost:3050', 'exp': 1763945305, 'fva': [3, -1], 'iat': 1763945245, 'iss': 'https://brave-cardinal-31.clerk.accounts.dev', 'nbf': 1763945235, 'sid': 'sess_35u1DpojfDqPluE1kN5bdTEGuBP', 'sts': 'active', 'sub': 'user_33qLhW3GQmdczsUy340LXXQofww', 'v': 2}
Clerk user ID: user_33qLhW3GQmdczsUy340LXXQofww
Fetching user from Clerk API...
Decoding token...
Decoded token: {'azp': 'http://localhost:3050', 'exp': 1763945305, 'fva': [3, -1], 'iat': 1763945245, 'iss': 'https://brave-cardinal-31.clerk.accounts.dev', 'nbf': 1763945235, 'sid': 'sess_35u1DpojfDqPluE1kN5bdTEGuBP', 'sts': 'active', 'sub': 'user_33qLhW3GQmdczsUy340LXXQofww', 'v': 2}
Clerk user ID: user_33qLhW3GQmdczsUy340LXXQofww
Fetching user from Clerk API...
Got user from Clerk: mberg@ona.io
Syncing user to database...
Got user from Clerk: mberg@ona.io
Syncing user to database...
Got user from Clerk: mberg@ona.io
Syncing user to database...
Got user from Clerk: mberg@ona.io
Syncing user to database...
127.0.0.1 - - [23/Nov/2025 19:47:29] "GET /api/areas/fde2b078-bb32-4306-ab7c-a6e3734d4ffe/coverage?indicator_id=b5d265e3-a338-42f4-a99c-9aa319cd2a18&limit=200&offset=0 HTTP/1.1" 200 -
User synced: {'id': '2b05045c-9a0d-4799-9087-4882846d3bce', 'clerk_id': 'user_33qLhW3GQmdczsUy340LXXQofww', 'email': 'mberg@ona.io', 'name': 'Matt Berg', 'organization': None, 'created_at': '2025-10-16T17:57:10.656065', 'updated_at': '2025-11-24T00:47:29.159224'}
User synced: {'id': '2b05045c-9a0d-4799-9087-4882846d3bce', 'clerk_id': 'user_33qLhW3GQmdczsUy340LXXQofww', 'email': 'mberg@ona.io', 'name': 'Matt Berg', 'organization': None, 'created_at': '2025-10-16T17:57:10.656065', 'updated_at': '2025-11-24T00:47:29.106226'}
127.0.0.1 - - [23/Nov/2025 19:47:29] "GET /api/areas/fde2b078-bb32-4306-ab7c-a6e3734d4ffe/rounds HTTP/1.1" 200 -
User synced: {'id': '2b05045c-9a0d-4799-9087-4882846d3bce', 'clerk_id': 'user_33qLhW3GQmdczsUy340LXXQofww', 'email': 'mberg@ona.io', 'name': 'Matt Berg', 'organization': None, 'created_at': '2025-10-16T17:57:10.656065', 'updated_at': '2025-11-24T00:47:29.168675'}
127.0.0.1 - - [23/Nov/2025 19:47:29] "GET /api/areas/fde2b078-bb32-4306-ab7c-a6e3734d4ffe/rounds HTTP/1.1" 200 -
User synced: {'id': '2b05045c-9a0d-4799-9087-4882846d3bce', 'clerk_id': 'user_33qLhW3GQmdczsUy340LXXQofww', 'email': 'mberg@ona.io', 'name': 'Matt Berg', 'organization': None, 'created_at': '2025-10-16T17:57:10.656065', 'updated_at': '2025-11-24T00:47:29.393508'}
127.0.0.1 - - [23/Nov/2025 19:47:29] "GET /api/areas/fde2b078-bb32-4306-ab7c-a6e3734d4ffe/coverage?indicator_id=b5d265e3-a338-42f4-a99c-9aa319cd2a18&limit=10000&offset=0 HTTP/1.1" 200 -
127.0.0.1 - - [23/Nov/2025 19:47:35] "GET /api/areas/fde2b078-bb32-4306-ab7c-a6e3734d4ffe/coverage_pixel?indicator_id=b5d265e3-a338-42f4-a99c-9aa319cd2a18&limit=200&offset=0 HTTP/1.1" 200 -
127.0.0.1 - - [23/Nov/2025 19:48:02] "OPTIONS /api/organizations HTTP/1.1" 200 -
127.0.0.1 - - [23/Nov/2025 19:48:02] "OPTIONS /api/organizations/1a697171-a0c0-46e2-aa59-2ba58af1b44c/projects HTTP/1.1" 200 -
127.0.0.1 - - [23/Nov/2025 19:48:02] "OPTIONS /api/projects/c394fc81-e344-431d-b3ce-fe672713b8fe/areas HTTP/1.1" 200 -
127.0.0.1 - - [23/Nov/2025 19:48:02] "OPTIONS /api/organizations HTTP/1.1" 200 -
127.0.0.1 - - [23/Nov/2025 19:48:03] "OPTIONS /api/organizations/1a697171-a0c0-46e2-aa59-2ba58af1b44c/projects HTTP/1.1" 200 -
127.0.0.1 - - [23/Nov/2025 19:48:03] "OPTIONS /api/projects/c394fc81-e344-431d-b3ce-fe672713b8fe/areas HTTP/1.1" 200 -
Decoding token...Decoding token...
Decoded token: {'azp': 'http://localhost:3050', 'exp': 1763945305, 'fva': [3, -1], 'iat': 1763945245, 'iss': 'https://brave-cardinal-31.clerk.accounts.dev', 'nbf': 1763945235, 'sid': 'sess_35u1DpojfDqPluE1kN5bdTEGuBP', 'sts': 'active', 'sub': 'user_33qLhW3GQmdczsUy340LXXQofww', 'v': 2}
Clerk user ID: user_33qLhW3GQmdczsUy340LXXQofww
Fetching user from Clerk API...

Decoded token: {'azp': 'http://localhost:3050', 'exp': 1763945305, 'fva': [3, -1], 'iat': 1763945245, 'iss': 'https://brave-cardinal-31.clerk.accounts.dev', 'nbf': 1763945235, 'sid': 'sess_35u1DpojfDqPluE1kN5bdTEGuBP', 'sts': 'active', 'sub': 'user_33qLhW3GQmdczsUy340LXXQofww', 'v': 2}
Clerk user ID: user_33qLhW3GQmdczsUy340LXXQofww
Fetching user from Clerk API...
Decoding token...
Decoded token: {'azp': 'http://localhost:3050', 'exp': 1763945305, 'fva': [3, -1], 'iat': 1763945245, 'iss': 'https://brave-cardinal-31.clerk.accounts.dev', 'nbf': 1763945235, 'sid': 'sess_35u1DpojfDqPluE1kN5bdTEGuBP', 'sts': 'active', 'sub': 'user_33qLhW3GQmdczsUy340LXXQofww', 'v': 2}
Clerk user ID: user_33qLhW3GQmdczsUy340LXXQofww
Fetching user from Clerk API...
Decoding token...
Decoded token: {'azp': 'http://localhost:3050', 'exp': 1763945305, 'fva': [3, -1], 'iat': 1763945245, 'iss': 'https://brave-cardinal-31.clerk.accounts.dev', 'nbf': 1763945235, 'sid': 'sess_35u1DpojfDqPluE1kN5bdTEGuBP', 'sts': 'active', 'sub': 'user_33qLhW3GQmdczsUy340LXXQofww', 'v': 2}
Clerk user ID: user_33qLhW3GQmdczsUy340LXXQofww
Fetching user from Clerk API...
Decoding token...
Decoded token: {'azp': 'http://localhost:3050', 'exp': 1763945305, 'fva': [3, -1], 'iat': 1763945245, 'iss': 'https://brave-cardinal-31.clerk.accounts.dev', 'nbf': 1763945235, 'sid': 'sess_35u1DpojfDqPluE1kN5bdTEGuBP', 'sts': 'active', 'sub': 'user_33qLhW3GQmdczsUy340LXXQofww', 'v': 2}
Clerk user ID: user_33qLhW3GQmdczsUy340LXXQofww
Fetching user from Clerk API...
Got user from Clerk: mberg@ona.ioGot user from Clerk: mberg@ona.io
Syncing user to database...

Syncing user to database...
Got user from Clerk: mberg@ona.io
Syncing user to database...
Got user from Clerk: mberg@ona.io
Syncing user to database...
Got user from Clerk: mberg@ona.io
Syncing user to database...
User synced: {'id': '2b05045c-9a0d-4799-9087-4882846d3bce', 'clerk_id': 'user_33qLhW3GQmdczsUy340LXXQofww', 'email': 'mberg@ona.io', 'name': 'Matt Berg', 'organization': None, 'created_at': '2025-10-16T17:57:10.656065', 'updated_at': '2025-11-24T00:48:03.249532'}
127.0.0.1 - - [23/Nov/2025 19:48:03] "GET /api/organizations/1a697171-a0c0-46e2-aa59-2ba58af1b44c/projects HTTP/1.1" 200 -
Decoding token...
Decoded token: {'azp': 'http://localhost:3050', 'exp': 1763945305, 'fva': [3, -1], 'iat': 1763945245, 'iss': 'https://brave-cardinal-31.clerk.accounts.dev', 'nbf': 1763945235, 'sid': 'sess_35u1DpojfDqPluE1kN5bdTEGuBP', 'sts': 'active', 'sub': 'user_33qLhW3GQmdczsUy340LXXQofww', 'v': 2}
Clerk user ID: user_33qLhW3GQmdczsUy340LXXQofww
Fetching user from Clerk API...
Got user from Clerk: mberg@ona.io
Syncing user to database...
User synced: {'id': '2b05045c-9a0d-4799-9087-4882846d3bce', 'clerk_id': 'user_33qLhW3GQmdczsUy340LXXQofww', 'email': 'mberg@ona.io', 'name': 'Matt Berg', 'organization': None, 'created_at': '2025-10-16T17:57:10.656065', 'updated_at': '2025-11-24T00:48:04.200892'}
127.0.0.1 - - [23/Nov/2025 19:48:04] "GET /api/projects/c394fc81-e344-431d-b3ce-fe672713b8fe/areas HTTP/1.1" 200 -
User synced: {'id': '2b05045c-9a0d-4799-9087-4882846d3bce', 'clerk_id': 'user_33qLhW3GQmdczsUy340LXXQofww', 'email': 'mberg@ona.io', 'name': 'Matt Berg', 'organization': None, 'created_at': '2025-10-16T17:57:10.656065', 'updated_at': '2025-11-24T00:48:04.726357'}
User synced: {'id': '2b05045c-9a0d-4799-9087-4882846d3bce', 'clerk_id': 'user_33qLhW3GQmdczsUy340LXXQofww', 'email': 'mberg@ona.io', 'name': 'Matt Berg', 'organization': None, 'created_at': '2025-10-16T17:57:10.656065', 'updated_at': '2025-11-24T00:48:04.774901'}
User synced: {'id': '2b05045c-9a0d-4799-9087-4882846d3bce', 'clerk_id': 'user_33qLhW3GQmdczsUy340LXXQofww', 'email': 'mberg@ona.io', 'name': 'Matt Berg', 'organization': None, 'created_at': '2025-10-16T17:57:10.656065', 'updated_at': '2025-11-24T00:48:04.738650'}
127.0.0.1 - - [23/Nov/2025 19:48:05] "GET /api/organizations HTTP/1.1" 200 -
User synced: {'id': '2b05045c-9a0d-4799-9087-4882846d3bce', 'clerk_id': 'user_33qLhW3GQmdczsUy340LXXQofww', 'email': 'mberg@ona.io', 'name': 'Matt Berg', 'organization': None, 'created_at': '2025-10-16T17:57:10.656065', 'updated_at': '2025-11-24T00:48:04.569842'}
127.0.0.1 - - [23/Nov/2025 19:48:05] "GET /api/organizations/1a697171-a0c0-46e2-aa59-2ba58af1b44c/projects HTTP/1.1" 200 -
127.0.0.1 - - [23/Nov/2025 19:48:05] "GET /api/projects/c394fc81-e344-431d-b3ce-fe672713b8fe/areas HTTP/1.1" 200 -
127.0.0.1 - - [23/Nov/2025 19:48:05] "GET /api/organizations HTTP/1.1" 200 -
