Database connection pool created successfully
INFO:__main__:Connecting to Temporal server at localhost:7233
INFO:__main__:Discovered activity: create_coverage_pixel_records
INFO:__main__:Discovered activity: generate_pixels_for_quadkeys
INFO:__main__:Discovered activity: parse_location_file
INFO:__main__:Discovered activity: populate_coverage_for_locations
INFO:__main__:Discovered activity: process_location_batch
INFO:__main__:Discovered activity: fetch_admin_boundary
INFO:__main__:Discovered activity: fetch_overture_buildings_batch
INFO:__main__:Discovered activity: process_overture_buildings_batch
INFO:__main__:Discovered activity: fetch_location_coverage
INFO:__main__:Discovered activity: fetch_pixel_coverage
INFO:__main__:Discovered activity: predict_location_coverage
INFO:__main__:Discovered activity: predict_pixel_coverage
INFO:__main__:Discovered activity: update_location_coverage
INFO:__main__:Discovered activity: update_pixel_coverage
INFO:__main__:Discovered activity: download_cog
INFO:__main__:Discovered activity: enrich_pixel_batch
INFO:__main__:Discovered activity: fetch_area_pixels
INFO:__main__:Discovered activity: fetch_cog_url
INFO:__main__:Discovered activity: fetch_enrichment_job
INFO:__main__:Discovered activity: mark_job_completed
INFO:__main__:Discovered activity: mark_job_failed
INFO:__main__:Discovered activity: update_job_progress
INFO:__main__:Discovered activity: update_pixel_metadata
INFO:__main__:Discovered activity: call_adaptive_sampling
INFO:__main__:Discovered activity: create_round_record
INFO:__main__:Discovered activity: delete_round_record
INFO:__main__:Discovered activity: fetch_coverage_for_sampling
INFO:__main__:Discovered activity: update_round_assignments
INFO:__main__:Discovered activity: create_default_coverage_pixels_for_batch
INFO:__main__:Discovered activity: delete_existing_pixels
INFO:__main__:Discovered activity: fetch_admin_boundary_geometry
INFO:__main__:Discovered activity: generate_tile_data
INFO:__main__:Discovered activity: insert_pixel_batch
INFO:__main__:Registered 33 activities
INFO:__main__:Starting Temporal worker on task queue 'truecover-tasks'
INFO:temporalio.workflow:Starting coverage prediction for area 85066c89-20b6-475a-aded-fc8c6cdbbdc2, indicator b5d265e3-a338-42f4-a99c-9aa319cd2a18 ({'attempt': 1, 'namespace': 'default', 'run_id': '72a7a484-8ede-43ad-a29a-95ee1a5fdcd7', 'task_queue': 'truecover-tasks', 'workflow_id': 'coverage-prediction-85066c89-20b6-475a-aded-fc8c6cdbbdc2-b5d265e3-a338-42f4-a99c-9aa319cd2a18-20251118185059', 'workflow_type': 'CoveragePredictionWorkflow'})
INFO:temporalio.activity:Fetched 11 location coverage records ({'activity_id': '1', 'activity_type': 'fetch_location_coverage', 'attempt': 1, 'namespace': 'default', 'task_queue': 'truecover-tasks', 'workflow_id': 'coverage-prediction-85066c89-20b6-475a-aded-fc8c6cdbbdc2-b5d265e3-a338-42f4-a99c-9aa319cd2a18-20251118185059', 'workflow_run_id': '72a7a484-8ede-43ad-a29a-95ee1a5fdcd7', 'workflow_type': 'CoveragePredictionWorkflow'})
INFO:temporalio.workflow:Fetched 11 location coverage records ({'attempt': 1, 'namespace': 'default', 'run_id': '72a7a484-8ede-43ad-a29a-95ee1a5fdcd7', 'task_queue': 'truecover-tasks', 'workflow_id': 'coverage-prediction-85066c89-20b6-475a-aded-fc8c6cdbbdc2-b5d265e3-a338-42f4-a99c-9aa319cd2a18-20251118185059', 'workflow_type': 'CoveragePredictionWorkflow'})
INFO:temporalio.activity:Predicting coverage for 11 locations ({'activity_id': '2', 'activity_type': 'predict_location_coverage', 'attempt': 1, 'namespace': 'default', 'task_queue': 'truecover-tasks', 'workflow_id': 'coverage-prediction-85066c89-20b6-475a-aded-fc8c6cdbbdc2-b5d265e3-a338-42f4-a99c-9aa319cd2a18-20251118185059', 'workflow_run_id': '72a7a484-8ede-43ad-a29a-95ee1a5fdcd7', 'workflow_type': 'CoveragePredictionWorkflow'})
INFO:temporalio.activity:Calling prevalence predictor at http://localhost:8084 ({'activity_id': '2', 'activity_type': 'predict_location_coverage', 'attempt': 1, 'namespace': 'default', 'task_queue': 'truecover-tasks', 'workflow_id': 'coverage-prediction-85066c89-20b6-475a-aded-fc8c6cdbbdc2-b5d265e3-a338-42f4-a99c-9aa319cd2a18-20251118185059', 'workflow_run_id': '72a7a484-8ede-43ad-a29a-95ee1a5fdcd7', 'workflow_type': 'CoveragePredictionWorkflow'})
INFO:temporalio.activity:Number of features: 11 ({'activity_id': '2', 'activity_type': 'predict_location_coverage', 'attempt': 1, 'namespace': 'default', 'task_queue': 'truecover-tasks', 'workflow_id': 'coverage-prediction-85066c89-20b6-475a-aded-fc8c6cdbbdc2-b5d265e3-a338-42f4-a99c-9aa319cd2a18-20251118185059', 'workflow_run_id': '72a7a484-8ede-43ad-a29a-95ee1a5fdcd7', 'workflow_type': 'CoveragePredictionWorkflow'})
INFO:temporalio.activity:First feature: {"type": "Feature", "properties": {"id": "581cb878-2f1d-4da5-a38e-f9b42a0ca1a7", "n_trials": 8, "n_positive": 6}, "geometry": {"coordinates": [90.46897888, 23.88269847], "type": "Point"}} ({'activity_id': '2', 'activity_type': 'predict_location_coverage', 'attempt': 1, 'namespace': 'default', 'task_queue': 'truecover-tasks', 'workflow_id': 'coverage-prediction-85066c89-20b6-475a-aded-fc8c6cdbbdc2-b5d265e3-a338-42f4-a99c-9aa319cd2a18-20251118185059', 'workflow_run_id': '72a7a484-8ede-43ad-a29a-95ee1a5fdcd7', 'workflow_type': 'CoveragePredictionWorkflow'})
INFO:temporalio.activity:Full payload (first 2000 chars): {"point_data": {"type": "FeatureCollection", "features": [{"type": "Feature", "properties": {"id": "581cb878-2f1d-4da5-a38e-f9b42a0ca1a7", "n_trials": 8, "n_positive": 6}, "geometry": {"coordinates": [90.46897888, 23.88269847], "type": "Point"}}, {"type": "Feature", "properties": {"id": "72a126dc-aeb0-4c4c-96e2-07cd8d87c814", "n_trials": 7, "n_positive": 4}, "geometry": {"coordinates": [90.46897888, 23.85381404], "type": "Point"}}, {"type": "Feature", "properties": {"id": "8c433e8f-3d5b-4dca-8f5f-646d8f84dcb9", "n_trials": 3, "n_positive": 0}, "geometry": {"coordinates": [90.46897888, 23.85255805], "type": "Point"}}, {"type": "Feature", "properties": {"id": "22e9c0e6-e6f2-4a05-a39d-7d70991fd609", "n_trials": 3, "n_positive": 1}, "geometry": {"coordinates": [90.47172546, 23.89023248], "type": "Point"}}, {"type": "Feature", "properties": {"id": "9f51e524-a4da-4eb6-bcb6-4f544430bfb2", "n_trials": 7, "n_positive": 0}, "geometry": {"coordinates": [90.47172546, 23.88520986], "type": "Point"}}, {"type": "Feature", "properties": {"id": "7c0173cf-d790-41ee-8b61-23f617f92aa4", "n_trials": 2, "n_positive": 2}, "geometry": {"coordinates": [90.47172546, 23.86134973], "type": "Point"}}, {"type": "Feature", "properties": {"id": "790e3f98-a847-407e-8b5c-81919dc7f4cc", "n_trials": 0, "n_positive": 0}, "geometry": {"coordinates": [90.47172546, 23.84879001], "type": "Point"}}, {"type": "Feature", "properties": {"id": "fdb3366b-bb19-4d15-89a6-517a07d429c8", "n_trials": 8, "n_positive": 4}, "geometry": {"coordinates": [90.47309875, 23.87516403], "type": "Point"}}, {"type": "Feature", "properties": {"id": "890cd749-4e4c-40b3-8cd1-90a4a53e72fa", "n_trials": 3, "n_positive": 3}, "geometry": {"coordinates": [90.47309875, 23.85255805], "type": "Point"}}, {"type": "Feature", "properties": {"id": "a2ac398b-c48b-4ae6-bd38-2ac5c157a8a5", "n_trials": 6, "n_positive": 2}, "geometry": {"coordinates": [90.47447205, 23.87014082], "type": "Point"}}, {"type": "Feature", "properties": {"id": "c31e64af-a ({'activity_id': '2', 'activity_type': 'predict_location_coverage', 'attempt': 1, 'namespace': 'default', 'task_queue': 'truecover-tasks', 'workflow_id': 'coverage-prediction-85066c89-20b6-475a-aded-fc8c6cdbbdc2-b5d265e3-a338-42f4-a99c-9aa319cd2a18-20251118185059', 'workflow_run_id': '72a7a484-8ede-43ad-a29a-95ee1a5fdcd7', 'workflow_type': 'CoveragePredictionWorkflow'})
INFO:temporalio.activity:Response status: 200 ({'activity_id': '2', 'activity_type': 'predict_location_coverage', 'attempt': 1, 'namespace': 'default', 'task_queue': 'truecover-tasks', 'workflow_id': 'coverage-prediction-85066c89-20b6-475a-aded-fc8c6cdbbdc2-b5d265e3-a338-42f4-a99c-9aa319cd2a18-20251118185059', 'workflow_run_id': '72a7a484-8ede-43ad-a29a-95ee1a5fdcd7', 'workflow_type': 'CoveragePredictionWorkflow'})
INFO:temporalio.activity:Response text (first 2000 chars): /home/app/python/rpy2/robjects/vectors.py:980: UserWarning: R object inheriting from "POSIXct" but without attribute "tzone".
  warnings.warn('R object inheriting from "POSIXct" but without '
/home/app/python/rpy2/robjects/pandas2ri.py:62: UserWarning: Error while trying to convert the column "id". Fall back to string conversion. The error is: module 'pandas' has no attribute 'NA'
  % (name, str(e)))
R[write to console]: Error in (function (formula, family = gaussian(), data = list(), weights = NULL,  : 
  Model has more coefficients than data

R[write to console]: In addition: 
R[write to console]: Warning messages:

R[write to console]: 1: 
R[write to console]: In (function (package, help, pos = 2, lib.loc = NULL, character.only = FALSE,  :
R[write to console]: 
 
R[write to console]:  libraries ‘/usr/local/lib/R/site-library’, ‘/usr/lib/R/site-library’ contain no packages

R[write to console]: 2: 
R[write to console]: In (function (package, help, pos = 2, lib.loc = NULL, character.only = FALSE,  :
R[write to console]: 
 
R[write to console]:  libraries ‘/usr/local/lib/R/site-library’, ‘/usr/lib/R/site-library’ contain no packages

R[write to console]: 3: 
R[write to console]: In (function (package, help, pos = 2, lib.loc = NULL, character.only = FALSE,  :
R[write to console]: 
 
R[write to console]:  libraries ‘/usr/local/lib/R/site-library’, ‘/usr/lib/R/site-library’ contain no packages

R[write to console]: 4: 
R[write to console]: In mgcv::te(lng, lat, bs = "gp", m = c(2), k = -1) :
R[write to console]: 
 
R[write to console]:  one or more supplied k too small - reset to default

Error in (function (formula, family = gaussian(), data = list(), weights = NULL,  : 
  Model has more coefficients than data
{"function_status": "error", "result": "Error from function: Unknown error"}
 ({'activity_id': '2', 'activity_type': 'predict_location_coverage', 'attempt': 1, 'namespace': 'default', 'task_queue': 'truecover-tasks', 'workflow_id': 'coverage-prediction-85066c89-20b6-475a-aded-fc8c6cdbbdc2-b5d265e3-a338-42f4-a99c-9aa319cd2a18-20251118185059', 'workflow_run_id': '72a7a484-8ede-43ad-a29a-95ee1a5fdcd7', 'workflow_type': 'CoveragePredictionWorkflow'})
WARNING:temporalio.activity:Data before JSON (showing first 200 chars): /home/app/python/rpy2/robjects/vectors.py:980: UserWarning: R object inheriting from "POSIXct" but without attribute "tzone".
  warnings.warn('R object inheriting from "POSIXct" but without '
/home/ap ({'activity_id': '2', 'activity_type': 'predict_location_coverage', 'attempt': 1, 'namespace': 'default', 'task_queue': 'truecover-tasks', 'workflow_id': 'coverage-prediction-85066c89-20b6-475a-aded-fc8c6cdbbdc2-b5d265e3-a338-42f4-a99c-9aa319cd2a18-20251118185059', 'workflow_run_id': '72a7a484-8ede-43ad-a29a-95ee1a5fdcd7', 'workflow_type': 'CoveragePredictionWorkflow'})
WARNING:temporalio.activity:Extra data after JSON (showing first 200 chars): 
 ({'activity_id': '2', 'activity_type': 'predict_location_coverage', 'attempt': 1, 'namespace': 'default', 'task_queue': 'truecover-tasks', 'workflow_id': 'coverage-prediction-85066c89-20b6-475a-aded-fc8c6cdbbdc2-b5d265e3-a338-42f4-a99c-9aa319cd2a18-20251118185059', 'workflow_run_id': '72a7a484-8ede-43ad-a29a-95ee1a5fdcd7', 'workflow_type': 'CoveragePredictionWorkflow'})
INFO:temporalio.activity:Parsed response type: <class 'dict'> ({'activity_id': '2', 'activity_type': 'predict_location_coverage', 'attempt': 1, 'namespace': 'default', 'task_queue': 'truecover-tasks', 'workflow_id': 'coverage-prediction-85066c89-20b6-475a-aded-fc8c6cdbbdc2-b5d265e3-a338-42f4-a99c-9aa319cd2a18-20251118185059', 'workflow_run_id': '72a7a484-8ede-43ad-a29a-95ee1a5fdcd7', 'workflow_type': 'CoveragePredictionWorkflow'})
INFO:temporalio.activity:Response keys: dict_keys(['function_status', 'result']) ({'activity_id': '2', 'activity_type': 'predict_location_coverage', 'attempt': 1, 'namespace': 'default', 'task_queue': 'truecover-tasks', 'workflow_id': 'coverage-prediction-85066c89-20b6-475a-aded-fc8c6cdbbdc2-b5d265e3-a338-42f4-a99c-9aa319cd2a18-20251118185059', 'workflow_run_id': '72a7a484-8ede-43ad-a29a-95ee1a5fdcd7', 'workflow_type': 'CoveragePredictionWorkflow'})
ERROR:temporalio.activity:Prevalence predictor returned error: Error from function: Unknown error ({'activity_id': '2', 'activity_type': 'predict_location_coverage', 'attempt': 1, 'namespace': 'default', 'task_queue': 'truecover-tasks', 'workflow_id': 'coverage-prediction-85066c89-20b6-475a-aded-fc8c6cdbbdc2-b5d265e3-a338-42f4-a99c-9aa319cd2a18-20251118185059', 'workflow_run_id': '72a7a484-8ede-43ad-a29a-95ee1a5fdcd7', 'workflow_type': 'CoveragePredictionWorkflow'})
WARNING:temporalio.activity:Completing activity as failed ({'activity_id': '2', 'activity_type': 'predict_location_coverage', 'attempt': 1, 'namespace': 'default', 'task_queue': 'truecover-tasks', 'workflow_id': 'coverage-prediction-85066c89-20b6-475a-aded-fc8c6cdbbdc2-b5d265e3-a338-42f4-a99c-9aa319cd2a18-20251118185059', 'workflow_run_id': '72a7a484-8ede-43ad-a29a-95ee1a5fdcd7', 'workflow_type': 'CoveragePredictionWorkflow'})
Traceback (most recent call last):
  File "/Users/mberg/github/truecover/truecover-backend/.venv/lib/python3.12/site-packages/temporalio/worker/_activity.py", line 319, in _handle_start_activity_task
    result = await self._execute_activity(
             ^^^^^^^^^^^^^^^^^^^^^^^^^^^^^
  File "/Users/mberg/github/truecover/truecover-backend/.venv/lib/python3.12/site-packages/temporalio/worker/_activity.py", line 631, in _execute_activity
    return await impl.execute_activity(input)
           ^^^^^^^^^^^^^^^^^^^^^^^^^^^^^^^^^^
  File "/Users/mberg/github/truecover/truecover-backend/.venv/lib/python3.12/site-packages/temporalio/worker/_activity.py", line 826, in execute_activity
    return await input.fn(*input.args)
           ^^^^^^^^^^^^^^^^^^^^^^^^^^^
  File "/Users/mberg/github/truecover/truecover-backend/temporal/activities/coverage.py", line 182, in predict_location_coverage
    raise ValueError(f"Prevalence predictor error: {error_msg}")
ValueError: Prevalence predictor error: Error from function: Unknown error
INFO:temporalio.activity:Predicting coverage for 11 locations ({'activity_id': '2', 'activity_type': 'predict_location_coverage', 'attempt': 2, 'namespace': 'default', 'task_queue': 'truecover-tasks', 'workflow_id': 'coverage-prediction-85066c89-20b6-475a-aded-fc8c6cdbbdc2-b5d265e3-a338-42f4-a99c-9aa319cd2a18-20251118185059', 'workflow_run_id': '72a7a484-8ede-43ad-a29a-95ee1a5fdcd7', 'workflow_type': 'CoveragePredictionWorkflow'})
INFO:temporalio.activity:Calling prevalence predictor at http://localhost:8084 ({'activity_id': '2', 'activity_type': 'predict_location_coverage', 'attempt': 2, 'namespace': 'default', 'task_queue': 'truecover-tasks', 'workflow_id': 'coverage-prediction-85066c89-20b6-475a-aded-fc8c6cdbbdc2-b5d265e3-a338-42f4-a99c-9aa319cd2a18-20251118185059', 'workflow_run_id': '72a7a484-8ede-43ad-a29a-95ee1a5fdcd7', 'workflow_type': 'CoveragePredictionWorkflow'})
INFO:temporalio.activity:Number of features: 11 ({'activity_id': '2', 'activity_type': 'predict_location_coverage', 'attempt': 2, 'namespace': 'default', 'task_queue': 'truecover-tasks', 'workflow_id': 'coverage-prediction-85066c89-20b6-475a-aded-fc8c6cdbbdc2-b5d265e3-a338-42f4-a99c-9aa319cd2a18-20251118185059', 'workflow_run_id': '72a7a484-8ede-43ad-a29a-95ee1a5fdcd7', 'workflow_type': 'CoveragePredictionWorkflow'})
INFO:temporalio.activity:First feature: {"type": "Feature", "properties": {"id": "581cb878-2f1d-4da5-a38e-f9b42a0ca1a7", "n_trials": 8, "n_positive": 6}, "geometry": {"coordinates": [90.46897888, 23.88269847], "type": "Point"}} ({'activity_id': '2', 'activity_type': 'predict_location_coverage', 'attempt': 2, 'namespace': 'default', 'task_queue': 'truecover-tasks', 'workflow_id': 'coverage-prediction-85066c89-20b6-475a-aded-fc8c6cdbbdc2-b5d265e3-a338-42f4-a99c-9aa319cd2a18-20251118185059', 'workflow_run_id': '72a7a484-8ede-43ad-a29a-95ee1a5fdcd7', 'workflow_type': 'CoveragePredictionWorkflow'})
INFO:temporalio.activity:Full payload (first 2000 chars): {"point_data": {"type": "FeatureCollection", "features": [{"type": "Feature", "properties": {"id": "581cb878-2f1d-4da5-a38e-f9b42a0ca1a7", "n_trials": 8, "n_positive": 6}, "geometry": {"coordinates": [90.46897888, 23.88269847], "type": "Point"}}, {"type": "Feature", "properties": {"id": "72a126dc-aeb0-4c4c-96e2-07cd8d87c814", "n_trials": 7, "n_positive": 4}, "geometry": {"coordinates": [90.46897888, 23.85381404], "type": "Point"}}, {"type": "Feature", "properties": {"id": "8c433e8f-3d5b-4dca-8f5f-646d8f84dcb9", "n_trials": 3, "n_positive": 0}, "geometry": {"coordinates": [90.46897888, 23.85255805], "type": "Point"}}, {"type": "Feature", "properties": {"id": "22e9c0e6-e6f2-4a05-a39d-7d70991fd609", "n_trials": 3, "n_positive": 1}, "geometry": {"coordinates": [90.47172546, 23.89023248], "type": "Point"}}, {"type": "Feature", "properties": {"id": "9f51e524-a4da-4eb6-bcb6-4f544430bfb2", "n_trials": 7, "n_positive": 0}, "geometry": {"coordinates": [90.47172546, 23.88520986], "type": "Point"}}, {"type": "Feature", "properties": {"id": "7c0173cf-d790-41ee-8b61-23f617f92aa4", "n_trials": 2, "n_positive": 2}, "geometry": {"coordinates": [90.47172546, 23.86134973], "type": "Point"}}, {"type": "Feature", "properties": {"id": "790e3f98-a847-407e-8b5c-81919dc7f4cc", "n_trials": 0, "n_positive": 0}, "geometry": {"coordinates": [90.47172546, 23.84879001], "type": "Point"}}, {"type": "Feature", "properties": {"id": "fdb3366b-bb19-4d15-89a6-517a07d429c8", "n_trials": 8, "n_positive": 4}, "geometry": {"coordinates": [90.47309875, 23.87516403], "type": "Point"}}, {"type": "Feature", "properties": {"id": "890cd749-4e4c-40b3-8cd1-90a4a53e72fa", "n_trials": 3, "n_positive": 3}, "geometry": {"coordinates": [90.47309875, 23.85255805], "type": "Point"}}, {"type": "Feature", "properties": {"id": "a2ac398b-c48b-4ae6-bd38-2ac5c157a8a5", "n_trials": 6, "n_positive": 2}, "geometry": {"coordinates": [90.47447205, 23.87014082], "type": "Point"}}, {"type": "Feature", "properties": {"id": "c31e64af-a ({'activity_id': '2', 'activity_type': 'predict_location_coverage', 'attempt': 2, 'namespace': 'default', 'task_queue': 'truecover-tasks', 'workflow_id': 'coverage-prediction-85066c89-20b6-475a-aded-fc8c6cdbbdc2-b5d265e3-a338-42f4-a99c-9aa319cd2a18-20251118185059', 'workflow_run_id': '72a7a484-8ede-43ad-a29a-95ee1a5fdcd7', 'workflow_type': 'CoveragePredictionWorkflow'})
INFO:temporalio.activity:Response status: 200 ({'activity_id': '2', 'activity_type': 'predict_location_coverage', 'attempt': 2, 'namespace': 'default', 'task_queue': 'truecover-tasks', 'workflow_id': 'coverage-prediction-85066c89-20b6-475a-aded-fc8c6cdbbdc2-b5d265e3-a338-42f4-a99c-9aa319cd2a18-20251118185059', 'workflow_run_id': '72a7a484-8ede-43ad-a29a-95ee1a5fdcd7', 'workflow_type': 'CoveragePredictionWorkflow'})
INFO:temporalio.activity:Response text (first 2000 chars): /home/app/python/rpy2/robjects/vectors.py:980: UserWarning: R object inheriting from "POSIXct" but without attribute "tzone".
  warnings.warn('R object inheriting from "POSIXct" but without '
/home/app/python/rpy2/robjects/pandas2ri.py:62: UserWarning: Error while trying to convert the column "id". Fall back to string conversion. The error is: module 'pandas' has no attribute 'NA'
  % (name, str(e)))
R[write to console]: Error in (function (formula, family = gaussian(), data = list(), weights = NULL,  : 
  Model has more coefficients than data

R[write to console]: In addition: 
R[write to console]: Warning messages:

R[write to console]: 1: 
R[write to console]: In (function (package, help, pos = 2, lib.loc = NULL, character.only = FALSE,  :
R[write to console]: 
 
R[write to console]:  libraries ‘/usr/local/lib/R/site-library’, ‘/usr/lib/R/site-library’ contain no packages

R[write to console]: 2: 
R[write to console]: In (function (package, help, pos = 2, lib.loc = NULL, character.only = FALSE,  :
R[write to console]: 
 
R[write to console]:  libraries ‘/usr/local/lib/R/site-library’, ‘/usr/lib/R/site-library’ contain no packages

R[write to console]: 3: 
R[write to console]: In (function (package, help, pos = 2, lib.loc = NULL, character.only = FALSE,  :
R[write to console]: 
 
R[write to console]:  libraries ‘/usr/local/lib/R/site-library’, ‘/usr/lib/R/site-library’ contain no packages

R[write to console]: 4: 
R[write to console]: In mgcv::te(lng, lat, bs = "gp", m = c(2), k = -1) :
R[write to console]: 
 
R[write to console]:  one or more supplied k too small - reset to default

Error in (function (formula, family = gaussian(), data = list(), weights = NULL,  : 
  Model has more coefficients than data
{"function_status": "error", "result": "Error from function: Unknown error"}
 ({'activity_id': '2', 'activity_type': 'predict_location_coverage', 'attempt': 2, 'namespace': 'default', 'task_queue': 'truecover-tasks', 'workflow_id': 'coverage-prediction-85066c89-20b6-475a-aded-fc8c6cdbbdc2-b5d265e3-a338-42f4-a99c-9aa319cd2a18-20251118185059', 'workflow_run_id': '72a7a484-8ede-43ad-a29a-95ee1a5fdcd7', 'workflow_type': 'CoveragePredictionWorkflow'})
WARNING:temporalio.activity:Data before JSON (showing first 200 chars): /home/app/python/rpy2/robjects/vectors.py:980: UserWarning: R object inheriting from "POSIXct" but without attribute "tzone".
  warnings.warn('R object inheriting from "POSIXct" but without '
/home/ap ({'activity_id': '2', 'activity_type': 'predict_location_coverage', 'attempt': 2, 'namespace': 'default', 'task_queue': 'truecover-tasks', 'workflow_id': 'coverage-prediction-85066c89-20b6-475a-aded-fc8c6cdbbdc2-b5d265e3-a338-42f4-a99c-9aa319cd2a18-20251118185059', 'workflow_run_id': '72a7a484-8ede-43ad-a29a-95ee1a5fdcd7', 'workflow_type': 'CoveragePredictionWorkflow'})
WARNING:temporalio.activity:Extra data after JSON (showing first 200 chars): 
 ({'activity_id': '2', 'activity_type': 'predict_location_coverage', 'attempt': 2, 'namespace': 'default', 'task_queue': 'truecover-tasks', 'workflow_id': 'coverage-prediction-85066c89-20b6-475a-aded-fc8c6cdbbdc2-b5d265e3-a338-42f4-a99c-9aa319cd2a18-20251118185059', 'workflow_run_id': '72a7a484-8ede-43ad-a29a-95ee1a5fdcd7', 'workflow_type': 'CoveragePredictionWorkflow'})
INFO:temporalio.activity:Parsed response type: <class 'dict'> ({'activity_id': '2', 'activity_type': 'predict_location_coverage', 'attempt': 2, 'namespace': 'default', 'task_queue': 'truecover-tasks', 'workflow_id': 'coverage-prediction-85066c89-20b6-475a-aded-fc8c6cdbbdc2-b5d265e3-a338-42f4-a99c-9aa319cd2a18-20251118185059', 'workflow_run_id': '72a7a484-8ede-43ad-a29a-95ee1a5fdcd7', 'workflow_type': 'CoveragePredictionWorkflow'})
INFO:temporalio.activity:Response keys: dict_keys(['function_status', 'result']) ({'activity_id': '2', 'activity_type': 'predict_location_coverage', 'attempt': 2, 'namespace': 'default', 'task_queue': 'truecover-tasks', 'workflow_id': 'coverage-prediction-85066c89-20b6-475a-aded-fc8c6cdbbdc2-b5d265e3-a338-42f4-a99c-9aa319cd2a18-20251118185059', 'workflow_run_id': '72a7a484-8ede-43ad-a29a-95ee1a5fdcd7', 'workflow_type': 'CoveragePredictionWorkflow'})
ERROR:temporalio.activity:Prevalence predictor returned error: Error from function: Unknown error ({'activity_id': '2', 'activity_type': 'predict_location_coverage', 'attempt': 2, 'namespace': 'default', 'task_queue': 'truecover-tasks', 'workflow_id': 'coverage-prediction-85066c89-20b6-475a-aded-fc8c6cdbbdc2-b5d265e3-a338-42f4-a99c-9aa319cd2a18-20251118185059', 'workflow_run_id': '72a7a484-8ede-43ad-a29a-95ee1a5fdcd7', 'workflow_type': 'CoveragePredictionWorkflow'})
WARNING:temporalio.activity:Completing activity as failed ({'activity_id': '2', 'activity_type': 'predict_location_coverage', 'attempt': 2, 'namespace': 'default', 'task_queue': 'truecover-tasks', 'workflow_id': 'coverage-prediction-85066c89-20b6-475a-aded-fc8c6cdbbdc2-b5d265e3-a338-42f4-a99c-9aa319cd2a18-20251118185059', 'workflow_run_id': '72a7a484-8ede-43ad-a29a-95ee1a5fdcd7', 'workflow_type': 'CoveragePredictionWorkflow'})
Traceback (most recent call last):
  File "/Users/mberg/github/truecover/truecover-backend/.venv/lib/python3.12/site-packages/temporalio/worker/_activity.py", line 319, in _handle_start_activity_task
    result = await self._execute_activity(
             ^^^^^^^^^^^^^^^^^^^^^^^^^^^^^
  File "/Users/mberg/github/truecover/truecover-backend/.venv/lib/python3.12/site-packages/temporalio/worker/_activity.py", line 631, in _execute_activity
    return await impl.execute_activity(input)
           ^^^^^^^^^^^^^^^^^^^^^^^^^^^^^^^^^^
  File "/Users/mberg/github/truecover/truecover-backend/.venv/lib/python3.12/site-packages/temporalio/worker/_activity.py", line 826, in execute_activity
    return await input.fn(*input.args)
           ^^^^^^^^^^^^^^^^^^^^^^^^^^^
  File "/Users/mberg/github/truecover/truecover-backend/temporal/activities/coverage.py", line 182, in predict_location_coverage
    raise ValueError(f"Prevalence predictor error: {error_msg}")
ValueError: Prevalence predictor error: Error from function: Unknown error
INFO:temporalio.activity:Predicting coverage for 11 locations ({'activity_id': '2', 'activity_type': 'predict_location_coverage', 'attempt': 3, 'namespace': 'default', 'task_queue': 'truecover-tasks', 'workflow_id': 'coverage-prediction-85066c89-20b6-475a-aded-fc8c6cdbbdc2-b5d265e3-a338-42f4-a99c-9aa319cd2a18-20251118185059', 'workflow_run_id': '72a7a484-8ede-43ad-a29a-95ee1a5fdcd7', 'workflow_type': 'CoveragePredictionWorkflow'})
INFO:temporalio.activity:Calling prevalence predictor at http://localhost:8084 ({'activity_id': '2', 'activity_type': 'predict_location_coverage', 'attempt': 3, 'namespace': 'default', 'task_queue': 'truecover-tasks', 'workflow_id': 'coverage-prediction-85066c89-20b6-475a-aded-fc8c6cdbbdc2-b5d265e3-a338-42f4-a99c-9aa319cd2a18-20251118185059', 'workflow_run_id': '72a7a484-8ede-43ad-a29a-95ee1a5fdcd7', 'workflow_type': 'CoveragePredictionWorkflow'})
INFO:temporalio.activity:Number of features: 11 ({'activity_id': '2', 'activity_type': 'predict_location_coverage', 'attempt': 3, 'namespace': 'default', 'task_queue': 'truecover-tasks', 'workflow_id': 'coverage-prediction-85066c89-20b6-475a-aded-fc8c6cdbbdc2-b5d265e3-a338-42f4-a99c-9aa319cd2a18-20251118185059', 'workflow_run_id': '72a7a484-8ede-43ad-a29a-95ee1a5fdcd7', 'workflow_type': 'CoveragePredictionWorkflow'})
INFO:temporalio.activity:First feature: {"type": "Feature", "properties": {"id": "581cb878-2f1d-4da5-a38e-f9b42a0ca1a7", "n_trials": 8, "n_positive": 6}, "geometry": {"coordinates": [90.46897888, 23.88269847], "type": "Point"}} ({'activity_id': '2', 'activity_type': 'predict_location_coverage', 'attempt': 3, 'namespace': 'default', 'task_queue': 'truecover-tasks', 'workflow_id': 'coverage-prediction-85066c89-20b6-475a-aded-fc8c6cdbbdc2-b5d265e3-a338-42f4-a99c-9aa319cd2a18-20251118185059', 'workflow_run_id': '72a7a484-8ede-43ad-a29a-95ee1a5fdcd7', 'workflow_type': 'CoveragePredictionWorkflow'})
INFO:temporalio.activity:Full payload (first 2000 chars): {"point_data": {"type": "FeatureCollection", "features": [{"type": "Feature", "properties": {"id": "581cb878-2f1d-4da5-a38e-f9b42a0ca1a7", "n_trials": 8, "n_positive": 6}, "geometry": {"coordinates": [90.46897888, 23.88269847], "type": "Point"}}, {"type": "Feature", "properties": {"id": "72a126dc-aeb0-4c4c-96e2-07cd8d87c814", "n_trials": 7, "n_positive": 4}, "geometry": {"coordinates": [90.46897888, 23.85381404], "type": "Point"}}, {"type": "Feature", "properties": {"id": "8c433e8f-3d5b-4dca-8f5f-646d8f84dcb9", "n_trials": 3, "n_positive": 0}, "geometry": {"coordinates": [90.46897888, 23.85255805], "type": "Point"}}, {"type": "Feature", "properties": {"id": "22e9c0e6-e6f2-4a05-a39d-7d70991fd609", "n_trials": 3, "n_positive": 1}, "geometry": {"coordinates": [90.47172546, 23.89023248], "type": "Point"}}, {"type": "Feature", "properties": {"id": "9f51e524-a4da-4eb6-bcb6-4f544430bfb2", "n_trials": 7, "n_positive": 0}, "geometry": {"coordinates": [90.47172546, 23.88520986], "type": "Point"}}, {"type": "Feature", "properties": {"id": "7c0173cf-d790-41ee-8b61-23f617f92aa4", "n_trials": 2, "n_positive": 2}, "geometry": {"coordinates": [90.47172546, 23.86134973], "type": "Point"}}, {"type": "Feature", "properties": {"id": "790e3f98-a847-407e-8b5c-81919dc7f4cc", "n_trials": 0, "n_positive": 0}, "geometry": {"coordinates": [90.47172546, 23.84879001], "type": "Point"}}, {"type": "Feature", "properties": {"id": "fdb3366b-bb19-4d15-89a6-517a07d429c8", "n_trials": 8, "n_positive": 4}, "geometry": {"coordinates": [90.47309875, 23.87516403], "type": "Point"}}, {"type": "Feature", "properties": {"id": "890cd749-4e4c-40b3-8cd1-90a4a53e72fa", "n_trials": 3, "n_positive": 3}, "geometry": {"coordinates": [90.47309875, 23.85255805], "type": "Point"}}, {"type": "Feature", "properties": {"id": "a2ac398b-c48b-4ae6-bd38-2ac5c157a8a5", "n_trials": 6, "n_positive": 2}, "geometry": {"coordinates": [90.47447205, 23.87014082], "type": "Point"}}, {"type": "Feature", "properties": {"id": "c31e64af-a ({'activity_id': '2', 'activity_type': 'predict_location_coverage', 'attempt': 3, 'namespace': 'default', 'task_queue': 'truecover-tasks', 'workflow_id': 'coverage-prediction-85066c89-20b6-475a-aded-fc8c6cdbbdc2-b5d265e3-a338-42f4-a99c-9aa319cd2a18-20251118185059', 'workflow_run_id': '72a7a484-8ede-43ad-a29a-95ee1a5fdcd7', 'workflow_type': 'CoveragePredictionWorkflow'})
INFO:temporalio.activity:Response status: 200 ({'activity_id': '2', 'activity_type': 'predict_location_coverage', 'attempt': 3, 'namespace': 'default', 'task_queue': 'truecover-tasks', 'workflow_id': 'coverage-prediction-85066c89-20b6-475a-aded-fc8c6cdbbdc2-b5d265e3-a338-42f4-a99c-9aa319cd2a18-20251118185059', 'workflow_run_id': '72a7a484-8ede-43ad-a29a-95ee1a5fdcd7', 'workflow_type': 'CoveragePredictionWorkflow'})
INFO:temporalio.activity:Response text (first 2000 chars): /home/app/python/rpy2/robjects/vectors.py:980: UserWarning: R object inheriting from "POSIXct" but without attribute "tzone".
  warnings.warn('R object inheriting from "POSIXct" but without '
/home/app/python/rpy2/robjects/pandas2ri.py:62: UserWarning: Error while trying to convert the column "id". Fall back to string conversion. The error is: module 'pandas' has no attribute 'NA'
  % (name, str(e)))
R[write to console]: Error in (function (formula, family = gaussian(), data = list(), weights = NULL,  : 
  Model has more coefficients than data

R[write to console]: In addition: 
R[write to console]: Warning messages:

R[write to console]: 1: 
R[write to console]: In (function (package, help, pos = 2, lib.loc = NULL, character.only = FALSE,  :
R[write to console]: 
 
R[write to console]:  libraries ‘/usr/local/lib/R/site-library’, ‘/usr/lib/R/site-library’ contain no packages

R[write to console]: 2: 
R[write to console]: In (function (package, help, pos = 2, lib.loc = NULL, character.only = FALSE,  :
R[write to console]: 
 
R[write to console]:  libraries ‘/usr/local/lib/R/site-library’, ‘/usr/lib/R/site-library’ contain no packages

R[write to console]: 3: 
R[write to console]: In (function (package, help, pos = 2, lib.loc = NULL, character.only = FALSE,  :
R[write to console]: 
 
R[write to console]:  libraries ‘/usr/local/lib/R/site-library’, ‘/usr/lib/R/site-library’ contain no packages

R[write to console]: 4: 
R[write to console]: In mgcv::te(lng, lat, bs = "gp", m = c(2), k = -1) :
R[write to console]: 
 
R[write to console]:  one or more supplied k too small - reset to default

Error in (function (formula, family = gaussian(), data = list(), weights = NULL,  : 
  Model has more coefficients than data
{"function_status": "error", "result": "Error from function: Unknown error"}
 ({'activity_id': '2', 'activity_type': 'predict_location_coverage', 'attempt': 3, 'namespace': 'default', 'task_queue': 'truecover-tasks', 'workflow_id': 'coverage-prediction-85066c89-20b6-475a-aded-fc8c6cdbbdc2-b5d265e3-a338-42f4-a99c-9aa319cd2a18-20251118185059', 'workflow_run_id': '72a7a484-8ede-43ad-a29a-95ee1a5fdcd7', 'workflow_type': 'CoveragePredictionWorkflow'})
WARNING:temporalio.activity:Data before JSON (showing first 200 chars): /home/app/python/rpy2/robjects/vectors.py:980: UserWarning: R object inheriting from "POSIXct" but without attribute "tzone".
  warnings.warn('R object inheriting from "POSIXct" but without '
/home/ap ({'activity_id': '2', 'activity_type': 'predict_location_coverage', 'attempt': 3, 'namespace': 'default', 'task_queue': 'truecover-tasks', 'workflow_id': 'coverage-prediction-85066c89-20b6-475a-aded-fc8c6cdbbdc2-b5d265e3-a338-42f4-a99c-9aa319cd2a18-20251118185059', 'workflow_run_id': '72a7a484-8ede-43ad-a29a-95ee1a5fdcd7', 'workflow_type': 'CoveragePredictionWorkflow'})
WARNING:temporalio.activity:Extra data after JSON (showing first 200 chars): 
 ({'activity_id': '2', 'activity_type': 'predict_location_coverage', 'attempt': 3, 'namespace': 'default', 'task_queue': 'truecover-tasks', 'workflow_id': 'coverage-prediction-85066c89-20b6-475a-aded-fc8c6cdbbdc2-b5d265e3-a338-42f4-a99c-9aa319cd2a18-20251118185059', 'workflow_run_id': '72a7a484-8ede-43ad-a29a-95ee1a5fdcd7', 'workflow_type': 'CoveragePredictionWorkflow'})
INFO:temporalio.activity:Parsed response type: <class 'dict'> ({'activity_id': '2', 'activity_type': 'predict_location_coverage', 'attempt': 3, 'namespace': 'default', 'task_queue': 'truecover-tasks', 'workflow_id': 'coverage-prediction-85066c89-20b6-475a-aded-fc8c6cdbbdc2-b5d265e3-a338-42f4-a99c-9aa319cd2a18-20251118185059', 'workflow_run_id': '72a7a484-8ede-43ad-a29a-95ee1a5fdcd7', 'workflow_type': 'CoveragePredictionWorkflow'})
INFO:temporalio.activity:Response keys: dict_keys(['function_status', 'result']) ({'activity_id': '2', 'activity_type': 'predict_location_coverage', 'attempt': 3, 'namespace': 'default', 'task_queue': 'truecover-tasks', 'workflow_id': 'coverage-prediction-85066c89-20b6-475a-aded-fc8c6cdbbdc2-b5d265e3-a338-42f4-a99c-9aa319cd2a18-20251118185059', 'workflow_run_id': '72a7a484-8ede-43ad-a29a-95ee1a5fdcd7', 'workflow_type': 'CoveragePredictionWorkflow'})
ERROR:temporalio.activity:Prevalence predictor returned error: Error from function: Unknown error ({'activity_id': '2', 'activity_type': 'predict_location_coverage', 'attempt': 3, 'namespace': 'default', 'task_queue': 'truecover-tasks', 'workflow_id': 'coverage-prediction-85066c89-20b6-475a-aded-fc8c6cdbbdc2-b5d265e3-a338-42f4-a99c-9aa319cd2a18-20251118185059', 'workflow_run_id': '72a7a484-8ede-43ad-a29a-95ee1a5fdcd7', 'workflow_type': 'CoveragePredictionWorkflow'})
WARNING:temporalio.activity:Completing activity as failed ({'activity_id': '2', 'activity_type': 'predict_location_coverage', 'attempt': 3, 'namespace': 'default', 'task_queue': 'truecover-tasks', 'workflow_id': 'coverage-prediction-85066c89-20b6-475a-aded-fc8c6cdbbdc2-b5d265e3-a338-42f4-a99c-9aa319cd2a18-20251118185059', 'workflow_run_id': '72a7a484-8ede-43ad-a29a-95ee1a5fdcd7', 'workflow_type': 'CoveragePredictionWorkflow'})
Traceback (most recent call last):
  File "/Users/mberg/github/truecover/truecover-backend/.venv/lib/python3.12/site-packages/temporalio/worker/_activity.py", line 319, in _handle_start_activity_task
    result = await self._execute_activity(
             ^^^^^^^^^^^^^^^^^^^^^^^^^^^^^
  File "/Users/mberg/github/truecover/truecover-backend/.venv/lib/python3.12/site-packages/temporalio/worker/_activity.py", line 631, in _execute_activity
    return await impl.execute_activity(input)
           ^^^^^^^^^^^^^^^^^^^^^^^^^^^^^^^^^^
  File "/Users/mberg/github/truecover/truecover-backend/.venv/lib/python3.12/site-packages/temporalio/worker/_activity.py", line 826, in execute_activity
    return await input.fn(*input.args)
           ^^^^^^^^^^^^^^^^^^^^^^^^^^^
  File "/Users/mberg/github/truecover/truecover-backend/temporal/activities/coverage.py", line 182, in predict_location_coverage
    raise ValueError(f"Prevalence predictor error: {error_msg}")
ValueError: Prevalence predictor error: Error from function: Unknown error
INFO:temporalio.workflow:Starting pixel generation for area 61de22ae-3180-4866-bf7e-e124cdd64add, level 18 ({'attempt': 1, 'namespace': 'default', 'run_id': '1819db95-8c40-49c2-8ad9-8aff1c0c9de1', 'task_queue': 'truecover-tasks', 'workflow_id': 'pixel-generation-61de22ae-3180-4866-bf7e-e124cdd64add-18-20251118185301', 'workflow_type': 'PixelGenerationWorkflow'})
INFO:temporalio.activity:Fetched admin boundary geometry for BD30676855 ({'activity_id': '1', 'activity_type': 'fetch_admin_boundary_geometry', 'attempt': 1, 'namespace': 'default', 'task_queue': 'truecover-tasks', 'workflow_id': 'pixel-generation-61de22ae-3180-4866-bf7e-e124cdd64add-18-20251118185301', 'workflow_run_id': '1819db95-8c40-49c2-8ad9-8aff1c0c9de1', 'workflow_type': 'PixelGenerationWorkflow'})
INFO:temporalio.workflow:Fetched admin boundary geometry for BD30676855 ({'attempt': 1, 'namespace': 'default', 'run_id': '1819db95-8c40-49c2-8ad9-8aff1c0c9de1', 'task_queue': 'truecover-tasks', 'workflow_id': 'pixel-generation-61de22ae-3180-4866-bf7e-e124cdd64add-18-20251118185301', 'workflow_type': 'PixelGenerationWorkflow'})
INFO:temporalio.activity:Generated 2730 tiles at level 18 ({'activity_id': '2', 'activity_type': 'generate_tile_data', 'attempt': 1, 'namespace': 'default', 'task_queue': 'truecover-tasks', 'workflow_id': 'pixel-generation-61de22ae-3180-4866-bf7e-e124cdd64add-18-20251118185301', 'workflow_run_id': '1819db95-8c40-49c2-8ad9-8aff1c0c9de1', 'workflow_type': 'PixelGenerationWorkflow'})
INFO:temporalio.activity:Filtered to 1340 tiles after admin boundary check ({'activity_id': '2', 'activity_type': 'generate_tile_data', 'attempt': 1, 'namespace': 'default', 'task_queue': 'truecover-tasks', 'workflow_id': 'pixel-generation-61de22ae-3180-4866-bf7e-e124cdd64add-18-20251118185301', 'workflow_run_id': '1819db95-8c40-49c2-8ad9-8aff1c0c9de1', 'workflow_type': 'PixelGenerationWorkflow'})
INFO:temporalio.workflow:Generated 1340 tiles ({'attempt': 1, 'namespace': 'default', 'run_id': '1819db95-8c40-49c2-8ad9-8aff1c0c9de1', 'task_queue': 'truecover-tasks', 'workflow_id': 'pixel-generation-61de22ae-3180-4866-bf7e-e124cdd64add-18-20251118185301', 'workflow_type': 'PixelGenerationWorkflow'})
INFO:temporalio.workflow:Inserting batch 1/3 ({'attempt': 1, 'namespace': 'default', 'run_id': '1819db95-8c40-49c2-8ad9-8aff1c0c9de1', 'task_queue': 'truecover-tasks', 'workflow_id': 'pixel-generation-61de22ae-3180-4866-bf7e-e124cdd64add-18-20251118185301', 'workflow_type': 'PixelGenerationWorkflow'})
INFO:temporalio.activity:Inserted 500 pixels ({'activity_id': '3', 'activity_type': 'insert_pixel_batch', 'attempt': 1, 'namespace': 'default', 'task_queue': 'truecover-tasks', 'workflow_id': 'pixel-generation-61de22ae-3180-4866-bf7e-e124cdd64add-18-20251118185301', 'workflow_run_id': '1819db95-8c40-49c2-8ad9-8aff1c0c9de1', 'workflow_type': 'PixelGenerationWorkflow'})
INFO:temporalio.workflow:Inserting batch 2/3 ({'attempt': 1, 'namespace': 'default', 'run_id': '1819db95-8c40-49c2-8ad9-8aff1c0c9de1', 'task_queue': 'truecover-tasks', 'workflow_id': 'pixel-generation-61de22ae-3180-4866-bf7e-e124cdd64add-18-20251118185301', 'workflow_type': 'PixelGenerationWorkflow'})
INFO:temporalio.activity:Inserted 500 pixels ({'activity_id': '4', 'activity_type': 'insert_pixel_batch', 'attempt': 1, 'namespace': 'default', 'task_queue': 'truecover-tasks', 'workflow_id': 'pixel-generation-61de22ae-3180-4866-bf7e-e124cdd64add-18-20251118185301', 'workflow_run_id': '1819db95-8c40-49c2-8ad9-8aff1c0c9de1', 'workflow_type': 'PixelGenerationWorkflow'})
INFO:temporalio.workflow:Inserting batch 3/3 ({'attempt': 1, 'namespace': 'default', 'run_id': '1819db95-8c40-49c2-8ad9-8aff1c0c9de1', 'task_queue': 'truecover-tasks', 'workflow_id': 'pixel-generation-61de22ae-3180-4866-bf7e-e124cdd64add-18-20251118185301', 'workflow_type': 'PixelGenerationWorkflow'})
INFO:temporalio.activity:Inserted 340 pixels ({'activity_id': '5', 'activity_type': 'insert_pixel_batch', 'attempt': 1, 'namespace': 'default', 'task_queue': 'truecover-tasks', 'workflow_id': 'pixel-generation-61de22ae-3180-4866-bf7e-e124cdd64add-18-20251118185301', 'workflow_run_id': '1819db95-8c40-49c2-8ad9-8aff1c0c9de1', 'workflow_type': 'PixelGenerationWorkflow'})
INFO:temporalio.workflow:Inserted 1340 pixels total ({'attempt': 1, 'namespace': 'default', 'run_id': '1819db95-8c40-49c2-8ad9-8aff1c0c9de1', 'task_queue': 'truecover-tasks', 'workflow_id': 'pixel-generation-61de22ae-3180-4866-bf7e-e124cdd64add-18-20251118185301', 'workflow_type': 'PixelGenerationWorkflow'})
INFO:temporalio.workflow:Creating coverage_pixel records batch 1/2 ({'attempt': 1, 'namespace': 'default', 'run_id': '1819db95-8c40-49c2-8ad9-8aff1c0c9de1', 'task_queue': 'truecover-tasks', 'workflow_id': 'pixel-generation-61de22ae-3180-4866-bf7e-e124cdd64add-18-20251118185301', 'workflow_type': 'PixelGenerationWorkflow'})
INFO:temporalio.activity:Created 2000 coverage_pixel records ({'activity_id': '6', 'activity_type': 'create_default_coverage_pixels_for_batch', 'attempt': 1, 'namespace': 'default', 'task_queue': 'truecover-tasks', 'workflow_id': 'pixel-generation-61de22ae-3180-4866-bf7e-e124cdd64add-18-20251118185301', 'workflow_run_id': '1819db95-8c40-49c2-8ad9-8aff1c0c9de1', 'workflow_type': 'PixelGenerationWorkflow'})
INFO:temporalio.workflow:Creating coverage_pixel records batch 2/2 ({'attempt': 1, 'namespace': 'default', 'run_id': '1819db95-8c40-49c2-8ad9-8aff1c0c9de1', 'task_queue': 'truecover-tasks', 'workflow_id': 'pixel-generation-61de22ae-3180-4866-bf7e-e124cdd64add-18-20251118185301', 'workflow_type': 'PixelGenerationWorkflow'})
INFO:temporalio.activity:Created 680 coverage_pixel records ({'activity_id': '7', 'activity_type': 'create_default_coverage_pixels_for_batch', 'attempt': 1, 'namespace': 'default', 'task_queue': 'truecover-tasks', 'workflow_id': 'pixel-generation-61de22ae-3180-4866-bf7e-e124cdd64add-18-20251118185301', 'workflow_run_id': '1819db95-8c40-49c2-8ad9-8aff1c0c9de1', 'workflow_type': 'PixelGenerationWorkflow'})
INFO:temporalio.workflow:Created 2680 coverage_pixel records ({'attempt': 1, 'namespace': 'default', 'run_id': '1819db95-8c40-49c2-8ad9-8aff1c0c9de1', 'task_queue': 'truecover-tasks', 'workflow_id': 'pixel-generation-61de22ae-3180-4866-bf7e-e124cdd64add-18-20251118185301', 'workflow_type': 'PixelGenerationWorkflow'})
INFO:temporalio.workflow:Starting round generation for area 61de22ae-3180-4866-bf7e-e124cdd64add ({'attempt': 1, 'namespace': 'default', 'run_id': '6ad72706-b4a0-4167-a71f-ce96ba2b0c5e', 'task_queue': 'truecover-tasks', 'workflow_id': 'round-generation-61de22ae-3180-4866-bf7e-e124cdd64add-20251118185329', 'workflow_type': 'RoundGenerationWorkflow'})
INFO:temporalio.activity:Created round 1 for area 61de22ae-3180-4866-bf7e-e124cdd64add ({'activity_id': '1', 'activity_type': 'create_round_record', 'attempt': 1, 'namespace': 'default', 'task_queue': 'truecover-tasks', 'workflow_id': 'round-generation-61de22ae-3180-4866-bf7e-e124cdd64add-20251118185329', 'workflow_run_id': '6ad72706-b4a0-4167-a71f-ce96ba2b0c5e', 'workflow_type': 'RoundGenerationWorkflow'})
INFO:temporalio.workflow:Created round 1 with ID c1485383-0366-4e5a-ae35-7cffc0b7e940 ({'attempt': 1, 'namespace': 'default', 'run_id': '6ad72706-b4a0-4167-a71f-ce96ba2b0c5e', 'task_queue': 'truecover-tasks', 'workflow_id': 'round-generation-61de22ae-3180-4866-bf7e-e124cdd64add-20251118185329', 'workflow_type': 'RoundGenerationWorkflow'})
INFO:temporalio.activity:Fetched 2017 pixels records for sampling ({'activity_id': '2', 'activity_type': 'call_adaptive_sampling', 'attempt': 1, 'namespace': 'default', 'task_queue': 'truecover-tasks', 'workflow_id': 'round-generation-61de22ae-3180-4866-bf7e-e124cdd64add-20251118185329', 'workflow_run_id': '6ad72706-b4a0-4167-a71f-ce96ba2b0c5e', 'workflow_type': 'RoundGenerationWorkflow'})
INFO:temporalio.activity:Fetched 2017 pixels for adaptive sampling ({'activity_id': '2', 'activity_type': 'call_adaptive_sampling', 'attempt': 1, 'namespace': 'default', 'task_queue': 'truecover-tasks', 'workflow_id': 'round-generation-61de22ae-3180-4866-bf7e-e124cdd64add-20251118185329', 'workflow_run_id': '6ad72706-b4a0-4167-a71f-ce96ba2b0c5e', 'workflow_type': 'RoundGenerationWorkflow'})
INFO:temporalio.activity:Calling adaptive sampling service at http://localhost:8083 ({'activity_id': '2', 'activity_type': 'call_adaptive_sampling', 'attempt': 1, 'namespace': 'default', 'task_queue': 'truecover-tasks', 'workflow_id': 'round-generation-61de22ae-3180-4866-bf7e-e124cdd64add-20251118185329', 'workflow_run_id': '6ad72706-b4a0-4167-a71f-ce96ba2b0c5e', 'workflow_type': 'RoundGenerationWorkflow'})
INFO:temporalio.activity:Adaptive sampling returned 2017 features ({'activity_id': '2', 'activity_type': 'call_adaptive_sampling', 'attempt': 1, 'namespace': 'default', 'task_queue': 'truecover-tasks', 'workflow_id': 'round-generation-61de22ae-3180-4866-bf7e-e124cdd64add-20251118185329', 'workflow_run_id': '6ad72706-b4a0-4167-a71f-ce96ba2b0c5e', 'workflow_type': 'RoundGenerationWorkflow'})
INFO:temporalio.activity:Selected 100 pixels for sampling ({'activity_id': '2', 'activity_type': 'call_adaptive_sampling', 'attempt': 1, 'namespace': 'default', 'task_queue': 'truecover-tasks', 'workflow_id': 'round-generation-61de22ae-3180-4866-bf7e-e124cdd64add-20251118185329', 'workflow_run_id': '6ad72706-b4a0-4167-a71f-ce96ba2b0c5e', 'workflow_type': 'RoundGenerationWorkflow'})
[2m2025-11-18T23:53:56.819926Z[0m [33m WARN[0m [2mtemporal_sdk_core::worker::workflow[0m[2m:[0m Query not found when attempting to respond to it [3merror[0m[2m=[0mStatus { code: NotFound, message: "query task not found, or already expired", details: b"\x08\x05\x12(query task not found, or already expired\x1aB\n@type.googleapis.com/temporal.api.errordetails.v1.NotFoundFailure", metadata: MetadataMap { headers: {"content-type": "application/grpc"} }, source: None }
INFO:temporalio.workflow:Adaptive sampling selected 100 of 2017 pixels ({'attempt': 1, 'namespace': 'default', 'run_id': '6ad72706-b4a0-4167-a71f-ce96ba2b0c5e', 'task_queue': 'truecover-tasks', 'workflow_id': 'round-generation-61de22ae-3180-4866-bf7e-e124cdd64add-20251118185329', 'workflow_type': 'RoundGenerationWorkflow'})
INFO:temporalio.activity:Updated 100 pixels with round 1 ({'activity_id': '3', 'activity_type': 'update_round_assignments', 'attempt': 1, 'namespace': 'default', 'task_queue': 'truecover-tasks', 'workflow_id': 'round-generation-61de22ae-3180-4866-bf7e-e124cdd64add-20251118185329', 'workflow_run_id': '6ad72706-b4a0-4167-a71f-ce96ba2b0c5e', 'workflow_type': 'RoundGenerationWorkflow'})
INFO:temporalio.workflow:Round generation complete: 100 pixels selected ({'attempt': 1, 'namespace': 'default', 'run_id': '6ad72706-b4a0-4167-a71f-ce96ba2b0c5e', 'task_queue': 'truecover-tasks', 'workflow_id': 'round-generation-61de22ae-3180-4866-bf7e-e124cdd64add-20251118185329', 'workflow_type': 'RoundGenerationWorkflow'})
INFO:temporalio.workflow:Starting pixel enrichment for job 74c0bcd4-479a-4242-9958-6371548569dd ({'attempt': 1, 'namespace': 'default', 'run_id': '27e603f8-14d5-42de-9cdb-95ea68806e21', 'task_queue': 'truecover-tasks', 'workflow_id': 'pixel-enrichment-61de22ae-3180-4866-bf7e-e124cdd64add-9b497967-8dd4-4d36-a1e6-c950282816e3-20251118191229', 'workflow_type': 'PixelEnrichmentWorkflow'})
INFO:temporalio.workflow:Job details: area=61de22ae-3180-4866-bf7e-e124cdd64add, statistic=sum ({'attempt': 1, 'namespace': 'default', 'run_id': '27e603f8-14d5-42de-9cdb-95ea68806e21', 'task_queue': 'truecover-tasks', 'workflow_id': 'pixel-enrichment-61de22ae-3180-4866-bf7e-e124cdd64add-9b497967-8dd4-4d36-a1e6-c950282816e3-20251118191229', 'workflow_type': 'PixelEnrichmentWorkflow'})
INFO:temporalio.activity:Fetching COG URL from STAC: https://api.stac.worldpop.org/collections/BGD/items/bgd_pop_2025_CN_100m_R2025A_v1 ({'activity_id': '2', 'activity_type': 'fetch_cog_url', 'attempt': 1, 'namespace': 'default', 'task_queue': 'truecover-tasks', 'workflow_id': 'pixel-enrichment-61de22ae-3180-4866-bf7e-e124cdd64add-9b497967-8dd4-4d36-a1e6-c950282816e3-20251118191229', 'workflow_run_id': '27e603f8-14d5-42de-9cdb-95ea68806e21', 'workflow_type': 'PixelEnrichmentWorkflow'})
INFO:temporalio.activity:Available assets: ['data', 'thumbnail'] ({'activity_id': '2', 'activity_type': 'fetch_cog_url', 'attempt': 1, 'namespace': 'default', 'task_queue': 'truecover-tasks', 'workflow_id': 'pixel-enrichment-61de22ae-3180-4866-bf7e-e124cdd64add-9b497967-8dd4-4d36-a1e6-c950282816e3-20251118191229', 'workflow_run_id': '27e603f8-14d5-42de-9cdb-95ea68806e21', 'workflow_type': 'PixelEnrichmentWorkflow'})
INFO:temporalio.activity:Asset 'cog' not found, using 'data' instead ({'activity_id': '2', 'activity_type': 'fetch_cog_url', 'attempt': 1, 'namespace': 'default', 'task_queue': 'truecover-tasks', 'workflow_id': 'pixel-enrichment-61de22ae-3180-4866-bf7e-e124cdd64add-9b497967-8dd4-4d36-a1e6-c950282816e3-20251118191229', 'workflow_run_id': '27e603f8-14d5-42de-9cdb-95ea68806e21', 'workflow_type': 'PixelEnrichmentWorkflow'})
INFO:temporalio.activity:COG URL resolved: https://data.worldpop.org/GIS/Population/Global_2015_2030/R2025A/2025/BGD/v1/100m/constrained/bgd_pop_2025_CN_100m_R2025A_v1.tif ({'activity_id': '2', 'activity_type': 'fetch_cog_url', 'attempt': 1, 'namespace': 'default', 'task_queue': 'truecover-tasks', 'workflow_id': 'pixel-enrichment-61de22ae-3180-4866-bf7e-e124cdd64add-9b497967-8dd4-4d36-a1e6-c950282816e3-20251118191229', 'workflow_run_id': '27e603f8-14d5-42de-9cdb-95ea68806e21', 'workflow_type': 'PixelEnrichmentWorkflow'})
INFO:temporalio.workflow:COG URL: https://data.worldpop.org/GIS/Population/Global_2015_2030/R2025A/2025/BGD/v1/100m/constrained/bgd_pop_2025_CN_100m_R2025A_v1.tif ({'attempt': 1, 'namespace': 'default', 'run_id': '27e603f8-14d5-42de-9cdb-95ea68806e21', 'task_queue': 'truecover-tasks', 'workflow_id': 'pixel-enrichment-61de22ae-3180-4866-bf7e-e124cdd64add-9b497967-8dd4-4d36-a1e6-c950282816e3-20251118191229', 'workflow_type': 'PixelEnrichmentWorkflow'})
INFO:temporalio.activity:Using cached COG: bgd_pop_2025_CN_100m_R2025A_v1_90d1c721.tif (52.69 MB) ({'activity_id': '3', 'activity_type': 'download_cog', 'attempt': 1, 'namespace': 'default', 'task_queue': 'truecover-tasks', 'workflow_id': 'pixel-enrichment-61de22ae-3180-4866-bf7e-e124cdd64add-9b497967-8dd4-4d36-a1e6-c950282816e3-20251118191229', 'workflow_run_id': '27e603f8-14d5-42de-9cdb-95ea68806e21', 'workflow_type': 'PixelEnrichmentWorkflow'})
INFO:temporalio.workflow:COG downloaded to: /Users/mberg/github/truecover/truecover-backend/cog_cache/bgd_pop_2025_CN_100m_R2025A_v1_90d1c721.tif ({'attempt': 1, 'namespace': 'default', 'run_id': '27e603f8-14d5-42de-9cdb-95ea68806e21', 'task_queue': 'truecover-tasks', 'workflow_id': 'pixel-enrichment-61de22ae-3180-4866-bf7e-e124cdd64add-9b497967-8dd4-4d36-a1e6-c950282816e3-20251118191229', 'workflow_type': 'PixelEnrichmentWorkflow'})
INFO:temporalio.activity:Fetched 1340 pixels for area 61de22ae-3180-4866-bf7e-e124cdd64add ({'activity_id': '4', 'activity_type': 'fetch_area_pixels', 'attempt': 1, 'namespace': 'default', 'task_queue': 'truecover-tasks', 'workflow_id': 'pixel-enrichment-61de22ae-3180-4866-bf7e-e124cdd64add-9b497967-8dd4-4d36-a1e6-c950282816e3-20251118191229', 'workflow_run_id': '27e603f8-14d5-42de-9cdb-95ea68806e21', 'workflow_type': 'PixelEnrichmentWorkflow'})
INFO:temporalio.workflow:Fetched 1340 pixels ({'attempt': 1, 'namespace': 'default', 'run_id': '27e603f8-14d5-42de-9cdb-95ea68806e21', 'task_queue': 'truecover-tasks', 'workflow_id': 'pixel-enrichment-61de22ae-3180-4866-bf7e-e124cdd64add-9b497967-8dd4-4d36-a1e6-c950282816e3-20251118191229', 'workflow_type': 'PixelEnrichmentWorkflow'})
INFO:temporalio.workflow:Processing batch 1/14 ({'attempt': 1, 'namespace': 'default', 'run_id': '27e603f8-14d5-42de-9cdb-95ea68806e21', 'task_queue': 'truecover-tasks', 'workflow_id': 'pixel-enrichment-61de22ae-3180-4866-bf7e-e124cdd64add-9b497967-8dd4-4d36-a1e6-c950282816e3-20251118191229', 'workflow_type': 'PixelEnrichmentWorkflow'})
INFO:temporalio.activity:Processing batch of 100 pixels with statistic 'sum' ({'activity_id': '5', 'activity_type': 'enrich_pixel_batch', 'attempt': 1, 'namespace': 'default', 'task_queue': 'truecover-tasks', 'workflow_id': 'pixel-enrichment-61de22ae-3180-4866-bf7e-e124cdd64add-9b497967-8dd4-4d36-a1e6-c950282816e3-20251118191229', 'workflow_run_id': '27e603f8-14d5-42de-9cdb-95ea68806e21', 'workflow_type': 'PixelEnrichmentWorkflow'})
INFO:temporalio.activity:Extracted statistics for 79/100 pixels ({'activity_id': '5', 'activity_type': 'enrich_pixel_batch', 'attempt': 1, 'namespace': 'default', 'task_queue': 'truecover-tasks', 'workflow_id': 'pixel-enrichment-61de22ae-3180-4866-bf7e-e124cdd64add-9b497967-8dd4-4d36-a1e6-c950282816e3-20251118191229', 'workflow_run_id': '27e603f8-14d5-42de-9cdb-95ea68806e21', 'workflow_type': 'PixelEnrichmentWorkflow'})
INFO:temporalio.activity:Updated 79 pixel metadata records ({'activity_id': '6', 'activity_type': 'update_pixel_metadata', 'attempt': 1, 'namespace': 'default', 'task_queue': 'truecover-tasks', 'workflow_id': 'pixel-enrichment-61de22ae-3180-4866-bf7e-e124cdd64add-9b497967-8dd4-4d36-a1e6-c950282816e3-20251118191229', 'workflow_run_id': '27e603f8-14d5-42de-9cdb-95ea68806e21', 'workflow_type': 'PixelEnrichmentWorkflow'})
INFO:temporalio.workflow:Processing batch 2/14 ({'attempt': 1, 'namespace': 'default', 'run_id': '27e603f8-14d5-42de-9cdb-95ea68806e21', 'task_queue': 'truecover-tasks', 'workflow_id': 'pixel-enrichment-61de22ae-3180-4866-bf7e-e124cdd64add-9b497967-8dd4-4d36-a1e6-c950282816e3-20251118191229', 'workflow_type': 'PixelEnrichmentWorkflow'})
INFO:temporalio.activity:Processing batch of 100 pixels with statistic 'sum' ({'activity_id': '8', 'activity_type': 'enrich_pixel_batch', 'attempt': 1, 'namespace': 'default', 'task_queue': 'truecover-tasks', 'workflow_id': 'pixel-enrichment-61de22ae-3180-4866-bf7e-e124cdd64add-9b497967-8dd4-4d36-a1e6-c950282816e3-20251118191229', 'workflow_run_id': '27e603f8-14d5-42de-9cdb-95ea68806e21', 'workflow_type': 'PixelEnrichmentWorkflow'})
INFO:temporalio.activity:Extracted statistics for 64/100 pixels ({'activity_id': '8', 'activity_type': 'enrich_pixel_batch', 'attempt': 1, 'namespace': 'default', 'task_queue': 'truecover-tasks', 'workflow_id': 'pixel-enrichment-61de22ae-3180-4866-bf7e-e124cdd64add-9b497967-8dd4-4d36-a1e6-c950282816e3-20251118191229', 'workflow_run_id': '27e603f8-14d5-42de-9cdb-95ea68806e21', 'workflow_type': 'PixelEnrichmentWorkflow'})
INFO:temporalio.activity:Updated 64 pixel metadata records ({'activity_id': '9', 'activity_type': 'update_pixel_metadata', 'attempt': 1, 'namespace': 'default', 'task_queue': 'truecover-tasks', 'workflow_id': 'pixel-enrichment-61de22ae-3180-4866-bf7e-e124cdd64add-9b497967-8dd4-4d36-a1e6-c950282816e3-20251118191229', 'workflow_run_id': '27e603f8-14d5-42de-9cdb-95ea68806e21', 'workflow_type': 'PixelEnrichmentWorkflow'})
INFO:temporalio.workflow:Processing batch 3/14 ({'attempt': 1, 'namespace': 'default', 'run_id': '27e603f8-14d5-42de-9cdb-95ea68806e21', 'task_queue': 'truecover-tasks', 'workflow_id': 'pixel-enrichment-61de22ae-3180-4866-bf7e-e124cdd64add-9b497967-8dd4-4d36-a1e6-c950282816e3-20251118191229', 'workflow_type': 'PixelEnrichmentWorkflow'})
INFO:temporalio.activity:Processing batch of 100 pixels with statistic 'sum' ({'activity_id': '11', 'activity_type': 'enrich_pixel_batch', 'attempt': 1, 'namespace': 'default', 'task_queue': 'truecover-tasks', 'workflow_id': 'pixel-enrichment-61de22ae-3180-4866-bf7e-e124cdd64add-9b497967-8dd4-4d36-a1e6-c950282816e3-20251118191229', 'workflow_run_id': '27e603f8-14d5-42de-9cdb-95ea68806e21', 'workflow_type': 'PixelEnrichmentWorkflow'})
INFO:temporalio.activity:Extracted statistics for 83/100 pixels ({'activity_id': '11', 'activity_type': 'enrich_pixel_batch', 'attempt': 1, 'namespace': 'default', 'task_queue': 'truecover-tasks', 'workflow_id': 'pixel-enrichment-61de22ae-3180-4866-bf7e-e124cdd64add-9b497967-8dd4-4d36-a1e6-c950282816e3-20251118191229', 'workflow_run_id': '27e603f8-14d5-42de-9cdb-95ea68806e21', 'workflow_type': 'PixelEnrichmentWorkflow'})
INFO:temporalio.activity:Updated 83 pixel metadata records ({'activity_id': '12', 'activity_type': 'update_pixel_metadata', 'attempt': 1, 'namespace': 'default', 'task_queue': 'truecover-tasks', 'workflow_id': 'pixel-enrichment-61de22ae-3180-4866-bf7e-e124cdd64add-9b497967-8dd4-4d36-a1e6-c950282816e3-20251118191229', 'workflow_run_id': '27e603f8-14d5-42de-9cdb-95ea68806e21', 'workflow_type': 'PixelEnrichmentWorkflow'})
INFO:temporalio.workflow:Processing batch 4/14 ({'attempt': 1, 'namespace': 'default', 'run_id': '27e603f8-14d5-42de-9cdb-95ea68806e21', 'task_queue': 'truecover-tasks', 'workflow_id': 'pixel-enrichment-61de22ae-3180-4866-bf7e-e124cdd64add-9b497967-8dd4-4d36-a1e6-c950282816e3-20251118191229', 'workflow_type': 'PixelEnrichmentWorkflow'})
INFO:temporalio.activity:Processing batch of 100 pixels with statistic 'sum' ({'activity_id': '14', 'activity_type': 'enrich_pixel_batch', 'attempt': 1, 'namespace': 'default', 'task_queue': 'truecover-tasks', 'workflow_id': 'pixel-enrichment-61de22ae-3180-4866-bf7e-e124cdd64add-9b497967-8dd4-4d36-a1e6-c950282816e3-20251118191229', 'workflow_run_id': '27e603f8-14d5-42de-9cdb-95ea68806e21', 'workflow_type': 'PixelEnrichmentWorkflow'})
INFO:temporalio.activity:Extracted statistics for 88/100 pixels ({'activity_id': '14', 'activity_type': 'enrich_pixel_batch', 'attempt': 1, 'namespace': 'default', 'task_queue': 'truecover-tasks', 'workflow_id': 'pixel-enrichment-61de22ae-3180-4866-bf7e-e124cdd64add-9b497967-8dd4-4d36-a1e6-c950282816e3-20251118191229', 'workflow_run_id': '27e603f8-14d5-42de-9cdb-95ea68806e21', 'workflow_type': 'PixelEnrichmentWorkflow'})
INFO:temporalio.activity:Updated 88 pixel metadata records ({'activity_id': '15', 'activity_type': 'update_pixel_metadata', 'attempt': 1, 'namespace': 'default', 'task_queue': 'truecover-tasks', 'workflow_id': 'pixel-enrichment-61de22ae-3180-4866-bf7e-e124cdd64add-9b497967-8dd4-4d36-a1e6-c950282816e3-20251118191229', 'workflow_run_id': '27e603f8-14d5-42de-9cdb-95ea68806e21', 'workflow_type': 'PixelEnrichmentWorkflow'})
INFO:temporalio.workflow:Processing batch 5/14 ({'attempt': 1, 'namespace': 'default', 'run_id': '27e603f8-14d5-42de-9cdb-95ea68806e21', 'task_queue': 'truecover-tasks', 'workflow_id': 'pixel-enrichment-61de22ae-3180-4866-bf7e-e124cdd64add-9b497967-8dd4-4d36-a1e6-c950282816e3-20251118191229', 'workflow_type': 'PixelEnrichmentWorkflow'})
INFO:temporalio.activity:Processing batch of 100 pixels with statistic 'sum' ({'activity_id': '17', 'activity_type': 'enrich_pixel_batch', 'attempt': 1, 'namespace': 'default', 'task_queue': 'truecover-tasks', 'workflow_id': 'pixel-enrichment-61de22ae-3180-4866-bf7e-e124cdd64add-9b497967-8dd4-4d36-a1e6-c950282816e3-20251118191229', 'workflow_run_id': '27e603f8-14d5-42de-9cdb-95ea68806e21', 'workflow_type': 'PixelEnrichmentWorkflow'})
INFO:temporalio.activity:Extracted statistics for 82/100 pixels ({'activity_id': '17', 'activity_type': 'enrich_pixel_batch', 'attempt': 1, 'namespace': 'default', 'task_queue': 'truecover-tasks', 'workflow_id': 'pixel-enrichment-61de22ae-3180-4866-bf7e-e124cdd64add-9b497967-8dd4-4d36-a1e6-c950282816e3-20251118191229', 'workflow_run_id': '27e603f8-14d5-42de-9cdb-95ea68806e21', 'workflow_type': 'PixelEnrichmentWorkflow'})
INFO:temporalio.activity:Updated 82 pixel metadata records ({'activity_id': '18', 'activity_type': 'update_pixel_metadata', 'attempt': 1, 'namespace': 'default', 'task_queue': 'truecover-tasks', 'workflow_id': 'pixel-enrichment-61de22ae-3180-4866-bf7e-e124cdd64add-9b497967-8dd4-4d36-a1e6-c950282816e3-20251118191229', 'workflow_run_id': '27e603f8-14d5-42de-9cdb-95ea68806e21', 'workflow_type': 'PixelEnrichmentWorkflow'})
INFO:temporalio.workflow:Processing batch 6/14 ({'attempt': 1, 'namespace': 'default', 'run_id': '27e603f8-14d5-42de-9cdb-95ea68806e21', 'task_queue': 'truecover-tasks', 'workflow_id': 'pixel-enrichment-61de22ae-3180-4866-bf7e-e124cdd64add-9b497967-8dd4-4d36-a1e6-c950282816e3-20251118191229', 'workflow_type': 'PixelEnrichmentWorkflow'})
INFO:temporalio.activity:Processing batch of 100 pixels with statistic 'sum' ({'activity_id': '20', 'activity_type': 'enrich_pixel_batch', 'attempt': 1, 'namespace': 'default', 'task_queue': 'truecover-tasks', 'workflow_id': 'pixel-enrichment-61de22ae-3180-4866-bf7e-e124cdd64add-9b497967-8dd4-4d36-a1e6-c950282816e3-20251118191229', 'workflow_run_id': '27e603f8-14d5-42de-9cdb-95ea68806e21', 'workflow_type': 'PixelEnrichmentWorkflow'})
INFO:temporalio.activity:Extracted statistics for 77/100 pixels ({'activity_id': '20', 'activity_type': 'enrich_pixel_batch', 'attempt': 1, 'namespace': 'default', 'task_queue': 'truecover-tasks', 'workflow_id': 'pixel-enrichment-61de22ae-3180-4866-bf7e-e124cdd64add-9b497967-8dd4-4d36-a1e6-c950282816e3-20251118191229', 'workflow_run_id': '27e603f8-14d5-42de-9cdb-95ea68806e21', 'workflow_type': 'PixelEnrichmentWorkflow'})
INFO:temporalio.activity:Updated 77 pixel metadata records ({'activity_id': '21', 'activity_type': 'update_pixel_metadata', 'attempt': 1, 'namespace': 'default', 'task_queue': 'truecover-tasks', 'workflow_id': 'pixel-enrichment-61de22ae-3180-4866-bf7e-e124cdd64add-9b497967-8dd4-4d36-a1e6-c950282816e3-20251118191229', 'workflow_run_id': '27e603f8-14d5-42de-9cdb-95ea68806e21', 'workflow_type': 'PixelEnrichmentWorkflow'})
INFO:temporalio.workflow:Processing batch 7/14 ({'attempt': 1, 'namespace': 'default', 'run_id': '27e603f8-14d5-42de-9cdb-95ea68806e21', 'task_queue': 'truecover-tasks', 'workflow_id': 'pixel-enrichment-61de22ae-3180-4866-bf7e-e124cdd64add-9b497967-8dd4-4d36-a1e6-c950282816e3-20251118191229', 'workflow_type': 'PixelEnrichmentWorkflow'})
INFO:temporalio.activity:Processing batch of 100 pixels with statistic 'sum' ({'activity_id': '23', 'activity_type': 'enrich_pixel_batch', 'attempt': 1, 'namespace': 'default', 'task_queue': 'truecover-tasks', 'workflow_id': 'pixel-enrichment-61de22ae-3180-4866-bf7e-e124cdd64add-9b497967-8dd4-4d36-a1e6-c950282816e3-20251118191229', 'workflow_run_id': '27e603f8-14d5-42de-9cdb-95ea68806e21', 'workflow_type': 'PixelEnrichmentWorkflow'})
INFO:temporalio.activity:Extracted statistics for 88/100 pixels ({'activity_id': '23', 'activity_type': 'enrich_pixel_batch', 'attempt': 1, 'namespace': 'default', 'task_queue': 'truecover-tasks', 'workflow_id': 'pixel-enrichment-61de22ae-3180-4866-bf7e-e124cdd64add-9b497967-8dd4-4d36-a1e6-c950282816e3-20251118191229', 'workflow_run_id': '27e603f8-14d5-42de-9cdb-95ea68806e21', 'workflow_type': 'PixelEnrichmentWorkflow'})
INFO:temporalio.activity:Updated 88 pixel metadata records ({'activity_id': '24', 'activity_type': 'update_pixel_metadata', 'attempt': 1, 'namespace': 'default', 'task_queue': 'truecover-tasks', 'workflow_id': 'pixel-enrichment-61de22ae-3180-4866-bf7e-e124cdd64add-9b497967-8dd4-4d36-a1e6-c950282816e3-20251118191229', 'workflow_run_id': '27e603f8-14d5-42de-9cdb-95ea68806e21', 'workflow_type': 'PixelEnrichmentWorkflow'})
INFO:temporalio.workflow:Processing batch 8/14 ({'attempt': 1, 'namespace': 'default', 'run_id': '27e603f8-14d5-42de-9cdb-95ea68806e21', 'task_queue': 'truecover-tasks', 'workflow_id': 'pixel-enrichment-61de22ae-3180-4866-bf7e-e124cdd64add-9b497967-8dd4-4d36-a1e6-c950282816e3-20251118191229', 'workflow_type': 'PixelEnrichmentWorkflow'})
INFO:temporalio.activity:Processing batch of 100 pixels with statistic 'sum' ({'activity_id': '26', 'activity_type': 'enrich_pixel_batch', 'attempt': 1, 'namespace': 'default', 'task_queue': 'truecover-tasks', 'workflow_id': 'pixel-enrichment-61de22ae-3180-4866-bf7e-e124cdd64add-9b497967-8dd4-4d36-a1e6-c950282816e3-20251118191229', 'workflow_run_id': '27e603f8-14d5-42de-9cdb-95ea68806e21', 'workflow_type': 'PixelEnrichmentWorkflow'})
INFO:temporalio.activity:Extracted statistics for 75/100 pixels ({'activity_id': '26', 'activity_type': 'enrich_pixel_batch', 'attempt': 1, 'namespace': 'default', 'task_queue': 'truecover-tasks', 'workflow_id': 'pixel-enrichment-61de22ae-3180-4866-bf7e-e124cdd64add-9b497967-8dd4-4d36-a1e6-c950282816e3-20251118191229', 'workflow_run_id': '27e603f8-14d5-42de-9cdb-95ea68806e21', 'workflow_type': 'PixelEnrichmentWorkflow'})
INFO:temporalio.activity:Updated 75 pixel metadata records ({'activity_id': '27', 'activity_type': 'update_pixel_metadata', 'attempt': 1, 'namespace': 'default', 'task_queue': 'truecover-tasks', 'workflow_id': 'pixel-enrichment-61de22ae-3180-4866-bf7e-e124cdd64add-9b497967-8dd4-4d36-a1e6-c950282816e3-20251118191229', 'workflow_run_id': '27e603f8-14d5-42de-9cdb-95ea68806e21', 'workflow_type': 'PixelEnrichmentWorkflow'})
INFO:temporalio.workflow:Processing batch 9/14 ({'attempt': 1, 'namespace': 'default', 'run_id': '27e603f8-14d5-42de-9cdb-95ea68806e21', 'task_queue': 'truecover-tasks', 'workflow_id': 'pixel-enrichment-61de22ae-3180-4866-bf7e-e124cdd64add-9b497967-8dd4-4d36-a1e6-c950282816e3-20251118191229', 'workflow_type': 'PixelEnrichmentWorkflow'})
INFO:temporalio.activity:Processing batch of 100 pixels with statistic 'sum' ({'activity_id': '29', 'activity_type': 'enrich_pixel_batch', 'attempt': 1, 'namespace': 'default', 'task_queue': 'truecover-tasks', 'workflow_id': 'pixel-enrichment-61de22ae-3180-4866-bf7e-e124cdd64add-9b497967-8dd4-4d36-a1e6-c950282816e3-20251118191229', 'workflow_run_id': '27e603f8-14d5-42de-9cdb-95ea68806e21', 'workflow_type': 'PixelEnrichmentWorkflow'})
INFO:temporalio.activity:Extracted statistics for 72/100 pixels ({'activity_id': '29', 'activity_type': 'enrich_pixel_batch', 'attempt': 1, 'namespace': 'default', 'task_queue': 'truecover-tasks', 'workflow_id': 'pixel-enrichment-61de22ae-3180-4866-bf7e-e124cdd64add-9b497967-8dd4-4d36-a1e6-c950282816e3-20251118191229', 'workflow_run_id': '27e603f8-14d5-42de-9cdb-95ea68806e21', 'workflow_type': 'PixelEnrichmentWorkflow'})
INFO:temporalio.activity:Updated 72 pixel metadata records ({'activity_id': '30', 'activity_type': 'update_pixel_metadata', 'attempt': 1, 'namespace': 'default', 'task_queue': 'truecover-tasks', 'workflow_id': 'pixel-enrichment-61de22ae-3180-4866-bf7e-e124cdd64add-9b497967-8dd4-4d36-a1e6-c950282816e3-20251118191229', 'workflow_run_id': '27e603f8-14d5-42de-9cdb-95ea68806e21', 'workflow_type': 'PixelEnrichmentWorkflow'})
INFO:temporalio.workflow:Processing batch 10/14 ({'attempt': 1, 'namespace': 'default', 'run_id': '27e603f8-14d5-42de-9cdb-95ea68806e21', 'task_queue': 'truecover-tasks', 'workflow_id': 'pixel-enrichment-61de22ae-3180-4866-bf7e-e124cdd64add-9b497967-8dd4-4d36-a1e6-c950282816e3-20251118191229', 'workflow_type': 'PixelEnrichmentWorkflow'})
INFO:temporalio.activity:Processing batch of 100 pixels with statistic 'sum' ({'activity_id': '32', 'activity_type': 'enrich_pixel_batch', 'attempt': 1, 'namespace': 'default', 'task_queue': 'truecover-tasks', 'workflow_id': 'pixel-enrichment-61de22ae-3180-4866-bf7e-e124cdd64add-9b497967-8dd4-4d36-a1e6-c950282816e3-20251118191229', 'workflow_run_id': '27e603f8-14d5-42de-9cdb-95ea68806e21', 'workflow_type': 'PixelEnrichmentWorkflow'})
INFO:temporalio.activity:Extracted statistics for 68/100 pixels ({'activity_id': '32', 'activity_type': 'enrich_pixel_batch', 'attempt': 1, 'namespace': 'default', 'task_queue': 'truecover-tasks', 'workflow_id': 'pixel-enrichment-61de22ae-3180-4866-bf7e-e124cdd64add-9b497967-8dd4-4d36-a1e6-c950282816e3-20251118191229', 'workflow_run_id': '27e603f8-14d5-42de-9cdb-95ea68806e21', 'workflow_type': 'PixelEnrichmentWorkflow'})
INFO:temporalio.activity:Updated 68 pixel metadata records ({'activity_id': '33', 'activity_type': 'update_pixel_metadata', 'attempt': 1, 'namespace': 'default', 'task_queue': 'truecover-tasks', 'workflow_id': 'pixel-enrichment-61de22ae-3180-4866-bf7e-e124cdd64add-9b497967-8dd4-4d36-a1e6-c950282816e3-20251118191229', 'workflow_run_id': '27e603f8-14d5-42de-9cdb-95ea68806e21', 'workflow_type': 'PixelEnrichmentWorkflow'})
INFO:temporalio.workflow:Processing batch 11/14 ({'attempt': 1, 'namespace': 'default', 'run_id': '27e603f8-14d5-42de-9cdb-95ea68806e21', 'task_queue': 'truecover-tasks', 'workflow_id': 'pixel-enrichment-61de22ae-3180-4866-bf7e-e124cdd64add-9b497967-8dd4-4d36-a1e6-c950282816e3-20251118191229', 'workflow_type': 'PixelEnrichmentWorkflow'})
INFO:temporalio.activity:Processing batch of 100 pixels with statistic 'sum' ({'activity_id': '35', 'activity_type': 'enrich_pixel_batch', 'attempt': 1, 'namespace': 'default', 'task_queue': 'truecover-tasks', 'workflow_id': 'pixel-enrichment-61de22ae-3180-4866-bf7e-e124cdd64add-9b497967-8dd4-4d36-a1e6-c950282816e3-20251118191229', 'workflow_run_id': '27e603f8-14d5-42de-9cdb-95ea68806e21', 'workflow_type': 'PixelEnrichmentWorkflow'})
INFO:temporalio.activity:Extracted statistics for 66/100 pixels ({'activity_id': '35', 'activity_type': 'enrich_pixel_batch', 'attempt': 1, 'namespace': 'default', 'task_queue': 'truecover-tasks', 'workflow_id': 'pixel-enrichment-61de22ae-3180-4866-bf7e-e124cdd64add-9b497967-8dd4-4d36-a1e6-c950282816e3-20251118191229', 'workflow_run_id': '27e603f8-14d5-42de-9cdb-95ea68806e21', 'workflow_type': 'PixelEnrichmentWorkflow'})
INFO:temporalio.activity:Updated 66 pixel metadata records ({'activity_id': '36', 'activity_type': 'update_pixel_metadata', 'attempt': 1, 'namespace': 'default', 'task_queue': 'truecover-tasks', 'workflow_id': 'pixel-enrichment-61de22ae-3180-4866-bf7e-e124cdd64add-9b497967-8dd4-4d36-a1e6-c950282816e3-20251118191229', 'workflow_run_id': '27e603f8-14d5-42de-9cdb-95ea68806e21', 'workflow_type': 'PixelEnrichmentWorkflow'})
INFO:temporalio.workflow:Processing batch 12/14 ({'attempt': 1, 'namespace': 'default', 'run_id': '27e603f8-14d5-42de-9cdb-95ea68806e21', 'task_queue': 'truecover-tasks', 'workflow_id': 'pixel-enrichment-61de22ae-3180-4866-bf7e-e124cdd64add-9b497967-8dd4-4d36-a1e6-c950282816e3-20251118191229', 'workflow_type': 'PixelEnrichmentWorkflow'})
INFO:temporalio.activity:Processing batch of 100 pixels with statistic 'sum' ({'activity_id': '38', 'activity_type': 'enrich_pixel_batch', 'attempt': 1, 'namespace': 'default', 'task_queue': 'truecover-tasks', 'workflow_id': 'pixel-enrichment-61de22ae-3180-4866-bf7e-e124cdd64add-9b497967-8dd4-4d36-a1e6-c950282816e3-20251118191229', 'workflow_run_id': '27e603f8-14d5-42de-9cdb-95ea68806e21', 'workflow_type': 'PixelEnrichmentWorkflow'})
INFO:temporalio.activity:Extracted statistics for 73/100 pixels ({'activity_id': '38', 'activity_type': 'enrich_pixel_batch', 'attempt': 1, 'namespace': 'default', 'task_queue': 'truecover-tasks', 'workflow_id': 'pixel-enrichment-61de22ae-3180-4866-bf7e-e124cdd64add-9b497967-8dd4-4d36-a1e6-c950282816e3-20251118191229', 'workflow_run_id': '27e603f8-14d5-42de-9cdb-95ea68806e21', 'workflow_type': 'PixelEnrichmentWorkflow'})
INFO:temporalio.activity:Updated 73 pixel metadata records ({'activity_id': '39', 'activity_type': 'update_pixel_metadata', 'attempt': 1, 'namespace': 'default', 'task_queue': 'truecover-tasks', 'workflow_id': 'pixel-enrichment-61de22ae-3180-4866-bf7e-e124cdd64add-9b497967-8dd4-4d36-a1e6-c950282816e3-20251118191229', 'workflow_run_id': '27e603f8-14d5-42de-9cdb-95ea68806e21', 'workflow_type': 'PixelEnrichmentWorkflow'})
INFO:temporalio.workflow:Processing batch 13/14 ({'attempt': 1, 'namespace': 'default', 'run_id': '27e603f8-14d5-42de-9cdb-95ea68806e21', 'task_queue': 'truecover-tasks', 'workflow_id': 'pixel-enrichment-61de22ae-3180-4866-bf7e-e124cdd64add-9b497967-8dd4-4d36-a1e6-c950282816e3-20251118191229', 'workflow_type': 'PixelEnrichmentWorkflow'})
INFO:temporalio.activity:Processing batch of 100 pixels with statistic 'sum' ({'activity_id': '41', 'activity_type': 'enrich_pixel_batch', 'attempt': 1, 'namespace': 'default', 'task_queue': 'truecover-tasks', 'workflow_id': 'pixel-enrichment-61de22ae-3180-4866-bf7e-e124cdd64add-9b497967-8dd4-4d36-a1e6-c950282816e3-20251118191229', 'workflow_run_id': '27e603f8-14d5-42de-9cdb-95ea68806e21', 'workflow_type': 'PixelEnrichmentWorkflow'})
INFO:temporalio.activity:Extracted statistics for 60/100 pixels ({'activity_id': '41', 'activity_type': 'enrich_pixel_batch', 'attempt': 1, 'namespace': 'default', 'task_queue': 'truecover-tasks', 'workflow_id': 'pixel-enrichment-61de22ae-3180-4866-bf7e-e124cdd64add-9b497967-8dd4-4d36-a1e6-c950282816e3-20251118191229', 'workflow_run_id': '27e603f8-14d5-42de-9cdb-95ea68806e21', 'workflow_type': 'PixelEnrichmentWorkflow'})
INFO:temporalio.activity:Updated 60 pixel metadata records ({'activity_id': '42', 'activity_type': 'update_pixel_metadata', 'attempt': 1, 'namespace': 'default', 'task_queue': 'truecover-tasks', 'workflow_id': 'pixel-enrichment-61de22ae-3180-4866-bf7e-e124cdd64add-9b497967-8dd4-4d36-a1e6-c950282816e3-20251118191229', 'workflow_run_id': '27e603f8-14d5-42de-9cdb-95ea68806e21', 'workflow_type': 'PixelEnrichmentWorkflow'})
INFO:temporalio.workflow:Processing batch 14/14 ({'attempt': 1, 'namespace': 'default', 'run_id': '27e603f8-14d5-42de-9cdb-95ea68806e21', 'task_queue': 'truecover-tasks', 'workflow_id': 'pixel-enrichment-61de22ae-3180-4866-bf7e-e124cdd64add-9b497967-8dd4-4d36-a1e6-c950282816e3-20251118191229', 'workflow_type': 'PixelEnrichmentWorkflow'})
INFO:temporalio.activity:Processing batch of 40 pixels with statistic 'sum' ({'activity_id': '44', 'activity_type': 'enrich_pixel_batch', 'attempt': 1, 'namespace': 'default', 'task_queue': 'truecover-tasks', 'workflow_id': 'pixel-enrichment-61de22ae-3180-4866-bf7e-e124cdd64add-9b497967-8dd4-4d36-a1e6-c950282816e3-20251118191229', 'workflow_run_id': '27e603f8-14d5-42de-9cdb-95ea68806e21', 'workflow_type': 'PixelEnrichmentWorkflow'})
INFO:temporalio.activity:Extracted statistics for 28/40 pixels ({'activity_id': '44', 'activity_type': 'enrich_pixel_batch', 'attempt': 1, 'namespace': 'default', 'task_queue': 'truecover-tasks', 'workflow_id': 'pixel-enrichment-61de22ae-3180-4866-bf7e-e124cdd64add-9b497967-8dd4-4d36-a1e6-c950282816e3-20251118191229', 'workflow_run_id': '27e603f8-14d5-42de-9cdb-95ea68806e21', 'workflow_type': 'PixelEnrichmentWorkflow'})
INFO:temporalio.activity:Updated 28 pixel metadata records ({'activity_id': '45', 'activity_type': 'update_pixel_metadata', 'attempt': 1, 'namespace': 'default', 'task_queue': 'truecover-tasks', 'workflow_id': 'pixel-enrichment-61de22ae-3180-4866-bf7e-e124cdd64add-9b497967-8dd4-4d36-a1e6-c950282816e3-20251118191229', 'workflow_run_id': '27e603f8-14d5-42de-9cdb-95ea68806e21', 'workflow_type': 'PixelEnrichmentWorkflow'})
INFO:temporalio.activity:Job 74c0bcd4-479a-4242-9958-6371548569dd marked as completed ({'activity_id': '47', 'activity_type': 'mark_job_completed', 'attempt': 1, 'namespace': 'default', 'task_queue': 'truecover-tasks', 'workflow_id': 'pixel-enrichment-61de22ae-3180-4866-bf7e-e124cdd64add-9b497967-8dd4-4d36-a1e6-c950282816e3-20251118191229', 'workflow_run_id': '27e603f8-14d5-42de-9cdb-95ea68806e21', 'workflow_type': 'PixelEnrichmentWorkflow'})
INFO:temporalio.workflow:Enrichment complete: 1003 pixels updated ({'attempt': 1, 'namespace': 'default', 'run_id': '27e603f8-14d5-42de-9cdb-95ea68806e21', 'task_queue': 'truecover-tasks', 'workflow_id': 'pixel-enrichment-61de22ae-3180-4866-bf7e-e124cdd64add-9b497967-8dd4-4d36-a1e6-c950282816e3-20251118191229', 'workflow_type': 'PixelEnrichmentWorkflow'})
