
> truecover-app@0.1.0 start
> vite

[33mThe CJS build of Vite's Node API is deprecated. See https://vite.dev/guide/troubleshooting.html#vite-cjs-node-api-deprecated for more details.[39m

  VITE v6.3.6  ready in 130 ms

  ➜  Local:   http://localhost:3050/
  ➜  Network: use --host to expose
3:57:56 PM [vite] (client) hmr update /src/components/GeneratePixelsModal.tsx, /src/index.css
4:30:05 PM [vite] (client) hmr update /src/components/GeneratePixelsModal.tsx, /src/index.css
4:57:53 PM [vite] (client) hmr update /src/components/GeneratePixelsModal.tsx, /src/index.css
4:59:30 PM [vite] (client) hmr update /src/components/GeneratePixelsModal.tsx, /src/index.css
4:59:52 PM [vite] (client) hmr update /src/components/GeneratePixelsModal.tsx, /src/index.css
5:04:00 PM [vite] (client) hmr update /src/components/MapView.tsx, /src/index.css
5:04:16 PM [vite] (client) hmr update /src/components/MapView.tsx, /src/index.css
5:09:34 PM [vite] (client) hmr update /src/pages/LocationsPage.tsx, /src/index.css
6:01:41 PM [vite] (client) hmr update /src/components/CreateRoundModal.tsx, /src/index.css
6:01:59 PM [vite] (client) hmr update /src/components/CreateRoundModal.tsx, /src/index.css
6:04:13 PM [vite] (client) hmr update /src/index.css, /src/components/PredictCoverageModal.tsx, /src/components/ExportDataModal.tsx
6:04:21 PM [vite] (client) hmr update /src/index.css, /src/components/PredictCoverageModal.tsx, /src/components/ExportDataModal.tsx
6:04:36 PM [vite] (client) hmr update /src/index.css, /src/components/PredictCoverageModal.tsx, /src/components/ExportDataModal.tsx
6:04:43 PM [vite] (client) hmr update /src/components/PredictCoverageModal.tsx, /src/index.css
6:04:48 PM [vite] (client) hmr update /src/components/PredictCoverageModal.tsx, /src/index.css
6:04:56 PM [vite] (client) hmr update /src/components/PredictCoverageModal.tsx, /src/index.css
6:05:10 PM [vite] (client) hmr update /src/components/PredictCoverageModal.tsx, /src/index.css
7:08:28 PM [vite] (client) hmr update /src/components/ExportLocationsModal.tsx, /src/index.css
7:08:40 PM [vite] (client) hmr update /src/components/ExportLocationsModal.tsx, /src/index.css
7:09:52 PM [vite] (client) hmr update /src/components/ExportLocationsModal.tsx, /src/index.css
7:11:46 PM [vite] (client) hmr update /src/index.css, /src/components/AddVisitModal.tsx, /src/pages/LocationsPage.tsx, /src/components/ExportLocationsModal.tsx
7:12:22 PM [vite] (client) hmr update /src/components/ExportLocationsModal.tsx, /src/index.css
7:12:45 PM [vite] (client) hmr update /src/components/ExportLocationsModal.tsx, /src/index.css
7:12:54 PM [vite] (client) hmr update /src/components/ExportLocationsModal.tsx, /src/index.css
7:13:26 PM [vite] (client) hmr update /src/components/ExportLocationsModal.tsx, /src/index.css
7:14:43 PM [vite] (client) hmr update /src/components/ExportLocationsModal.tsx, /src/index.css
7:15:17 PM [vite] (client) hmr update /src/components/ExportLocationsModal.tsx, /src/index.css
7:15:30 PM [vite] (client) hmr update /src/components/ExportLocationsModal.tsx, /src/index.css
7:15:41 PM [vite] (client) hmr update /src/components/ExportLocationsModal.tsx, /src/index.css
7:17:13 PM [vite] (client) hmr update /src/pages/LocationsPage.tsx, /src/index.css
